Archive member included because of file (symbol)

c:/program files (x86)/atmel/atmel toolchain/arm gcc/native/4.8.1443/arm-gnu-toolchain/bin/../lib/gcc/arm-none-eabi/4.8.4/armv6-m\libgcc.a(_udivsi3.o)
                              src/ASF/common2/services/delay/sam0/systick_counter.o (__aeabi_uidiv)
c:/program files (x86)/atmel/atmel toolchain/arm gcc/native/4.8.1443/arm-gnu-toolchain/bin/../lib/gcc/arm-none-eabi/4.8.4/armv6-m\libgcc.a(_dvmd_tls.o)
                              c:/program files (x86)/atmel/atmel toolchain/arm gcc/native/4.8.1443/arm-gnu-toolchain/bin/../lib/gcc/arm-none-eabi/4.8.4/armv6-m\libgcc.a(_udivsi3.o) (__aeabi_idiv0)
c:/program files (x86)/atmel/atmel toolchain/arm gcc/native/4.8.1443/arm-gnu-toolchain/bin/../lib/gcc/arm-none-eabi/4.8.4/armv6-m\libgcc.a(_muldi3.o)
                              src/ASF/sam0/drivers/sercom/sercom.o (__aeabi_lmul)
c:/program files (x86)/atmel/atmel toolchain/arm gcc/native/4.8.1443/arm-gnu-toolchain/bin/../lib/gcc/arm-none-eabi/4.8.4/armv6-m\libgcc.a(mulsf3.o)
                              src/debug_serial.o (__aeabi_fmul)
c:/program files (x86)/atmel/atmel toolchain/arm gcc/native/4.8.1443/arm-gnu-toolchain/bin/../lib/gcc/arm-none-eabi/4.8.4/armv6-m\libgcc.a(fixsfsi.o)
                              src/debug_serial.o (__aeabi_f2iz)
c:/program files (x86)/atmel/atmel toolchain/arm gcc/native/4.8.1443/arm-gnu-toolchain/bin/../lib/gcc/arm-none-eabi/4.8.4/armv6-m\libgcc.a(_clzsi2.o)
                              c:/program files (x86)/atmel/atmel toolchain/arm gcc/native/4.8.1443/arm-gnu-toolchain/bin/../lib/gcc/arm-none-eabi/4.8.4/armv6-m\libgcc.a(mulsf3.o) (__clzsi2)
c:/program files (x86)/atmel/atmel toolchain/arm gcc/native/4.8.1443/arm-gnu-toolchain/bin/../lib/gcc/arm-none-eabi/4.8.4/../../../../arm-none-eabi/lib/armv6-m\libc_s.a(lib_a-exit.o)
                              c:/program files (x86)/atmel/atmel toolchain/arm gcc/native/4.8.1443/arm-gnu-toolchain/bin/../lib/gcc/arm-none-eabi/4.8.4/../../../../arm-none-eabi/lib/armv6-m/crt0.o (exit)
c:/program files (x86)/atmel/atmel toolchain/arm gcc/native/4.8.1443/arm-gnu-toolchain/bin/../lib/gcc/arm-none-eabi/4.8.4/../../../../arm-none-eabi/lib/armv6-m\libc_s.a(lib_a-impure.o)
                              c:/program files (x86)/atmel/atmel toolchain/arm gcc/native/4.8.1443/arm-gnu-toolchain/bin/../lib/gcc/arm-none-eabi/4.8.4/../../../../arm-none-eabi/lib/armv6-m\libc_s.a(lib_a-exit.o) (_global_impure_ptr)
c:/program files (x86)/atmel/atmel toolchain/arm gcc/native/4.8.1443/arm-gnu-toolchain/bin/../lib/gcc/arm-none-eabi/4.8.4/../../../../arm-none-eabi/lib/armv6-m\libc_s.a(lib_a-init.o)
                              c:/program files (x86)/atmel/atmel toolchain/arm gcc/native/4.8.1443/arm-gnu-toolchain/bin/../lib/gcc/arm-none-eabi/4.8.4/../../../../arm-none-eabi/lib/armv6-m/crt0.o (__libc_init_array)
c:/program files (x86)/atmel/atmel toolchain/arm gcc/native/4.8.1443/arm-gnu-toolchain/bin/../lib/gcc/arm-none-eabi/4.8.4/../../../../arm-none-eabi/lib/armv6-m\libc_s.a(lib_a-memset.o)
                              c:/program files (x86)/atmel/atmel toolchain/arm gcc/native/4.8.1443/arm-gnu-toolchain/bin/../lib/gcc/arm-none-eabi/4.8.4/../../../../arm-none-eabi/lib/armv6-m/crt0.o (memset)
c:/program files (x86)/atmel/atmel toolchain/arm gcc/native/4.8.1443/arm-gnu-toolchain/bin/../lib/gcc/arm-none-eabi/4.8.4/../../../../arm-none-eabi/lib/armv6-m\libc_s.a(lib_a-printf.o)
                              src/ASF/sam0/utils/syscalls/gcc/syscalls.o (printf)
c:/program files (x86)/atmel/atmel toolchain/arm gcc/native/4.8.1443/arm-gnu-toolchain/bin/../lib/gcc/arm-none-eabi/4.8.4/../../../../arm-none-eabi/lib/armv6-m\libc_s.a(lib_a-vfprintf.o)
                              c:/program files (x86)/atmel/atmel toolchain/arm gcc/native/4.8.1443/arm-gnu-toolchain/bin/../lib/gcc/arm-none-eabi/4.8.4/../../../../arm-none-eabi/lib/armv6-m\libc_s.a(lib_a-printf.o) (_vfprintf_r)
c:/program files (x86)/atmel/atmel toolchain/arm gcc/native/4.8.1443/arm-gnu-toolchain/bin/../lib/gcc/arm-none-eabi/4.8.4/../../../../arm-none-eabi/lib/armv6-m\libc_s.a(lib_a-vfprintf_i.o)
                              c:/program files (x86)/atmel/atmel toolchain/arm gcc/native/4.8.1443/arm-gnu-toolchain/bin/../lib/gcc/arm-none-eabi/4.8.4/../../../../arm-none-eabi/lib/armv6-m\libc_s.a(lib_a-vfprintf.o) (_printf_i)
c:/program files (x86)/atmel/atmel toolchain/arm gcc/native/4.8.1443/arm-gnu-toolchain/bin/../lib/gcc/arm-none-eabi/4.8.4/../../../../arm-none-eabi/lib/armv6-m\libc_s.a(lib_a-wbuf.o)
                              c:/program files (x86)/atmel/atmel toolchain/arm gcc/native/4.8.1443/arm-gnu-toolchain/bin/../lib/gcc/arm-none-eabi/4.8.4/../../../../arm-none-eabi/lib/armv6-m\libc_s.a(lib_a-vfprintf.o) (__swbuf_r)
c:/program files (x86)/atmel/atmel toolchain/arm gcc/native/4.8.1443/arm-gnu-toolchain/bin/../lib/gcc/arm-none-eabi/4.8.4/../../../../arm-none-eabi/lib/armv6-m\libc_s.a(lib_a-wsetup.o)
[...]
Memory Configuration

Name             Origin             Length             Attributes
rom              0x00000000         0x00040000         xr
ram              0x20000000         0x00008000         xrw
*default*        0x00000000         0xffffffff

Linker script and memory map

LOAD c:/program files (x86)/atmel/atmel toolchain/arm gcc/native/4.8.1443/arm-gnu-toolchain/bin/../lib/gcc/arm-none-eabi/4.8.4/armv6-m/crti.o
LOAD c:/program files (x86)/atmel/atmel toolchain/arm gcc/native/4.8.1443/arm-gnu-toolchain/bin/../lib/gcc/arm-none-eabi/4.8.4/armv6-m/crtbegin.o
LOAD c:/program files (x86)/atmel/atmel toolchain/arm gcc/native/4.8.1443/arm-gnu-toolchain/bin/../lib/gcc/arm-none-eabi/4.8.4/../../../../arm-none-eabi/lib/armv6-m/crt0.o
LOAD src/ASF/common2/services/delay/sam0/systick_counter.o
LOAD src/debug_serial.o
LOAD src/itoa.o
LOAD src/ASF/common/utils/interrupt/interrupt_sam_nvic.o
LOAD src/ASF/sam0/boards/samd21_xplained_pro/board_init.o
LOAD src/ASF/sam0/drivers/port/port.o
LOAD src/ASF/sam0/drivers/sercom/sercom.o
LOAD src/ASF/sam0/drivers/sercom/usart/usart.o
LOAD src/ASF/sam0/drivers/system/clock/clock_samd21_r21/clock.o
LOAD src/ASF/sam0/drivers/system/clock/clock_samd21_r21/gclk.o
LOAD src/ASF/sam0/drivers/system/interrupt/system_interrupt.o
LOAD src/ASF/sam0/drivers/system/pinmux/pinmux.o
LOAD src/ASF/sam0/drivers/system/system.o
LOAD src/ASF/sam0/utils/cmsis/samd21/source/gcc/startup_samd21.o
LOAD src/ASF/sam0/utils/cmsis/samd21/source/system_samd21.o
LOAD src/ASF/sam0/utils/syscalls/gcc/syscalls.o
LOAD src/main.o
START GROUP
LOAD ../src/ASF/thirdparty/CMSIS/Lib/GCC\libarm_cortexM0l_math.a
LOAD c:/program files (x86)/atmel/atmel toolchain/arm gcc/native/4.8.1443/arm-gnu-toolchain/bin/../lib/gcc/arm-none-eabi/4.8.4/../../../../arm-none-eabi/lib/armv6-m\libm.a
END GROUP
START GROUP
LOAD c:/program files (x86)/atmel/atmel toolchain/arm gcc/native/4.8.1443/arm-gnu-toolchain/bin/../lib/gcc/arm-none-eabi/4.8.4/armv6-m\libgcc.a
LOAD c:/program files (x86)/atmel/atmel toolchain/arm gcc/native/4.8.1443/arm-gnu-toolchain/bin/../lib/gcc/arm-none-eabi/4.8.4/../../../../arm-none-eabi/lib/armv6-m\libc_s.a
END GROUP
START GROUP
LOAD c:/program files (x86)/atmel/atmel toolchain/arm gcc/native/4.8.1443/arm-gnu-toolchain/bin/../lib/gcc/arm-none-eabi/4.8.4/armv6-m\libgcc.a
LOAD c:/program files (x86)/atmel/atmel toolchain/arm gcc/native/4.8.1443/arm-gnu-toolchain/bin/../lib/gcc/arm-none-eabi/4.8.4/../../../../arm-none-eabi/lib/armv6-m\libc_s.a
END GROUP
LOAD c:/program files (x86)/atmel/atmel toolchain/arm gcc/native/4.8.1443/arm-gnu-toolchain/bin/../lib/gcc/arm-none-eabi/4.8.4/armv6-m/crtend.o
LOAD c:/program files (x86)/atmel/atmel toolchain/arm gcc/native/4.8.1443/arm-gnu-toolchain/bin/../lib/gcc/arm-none-eabi/4.8.4/armv6-m/crtn.o
                0x00002000                STACK_SIZE = DEFINED (STACK_SIZE)?STACK_SIZE:DEFINED (__stack_size__)?__stack_size__:0x2000

.text           0x00000000     0x1b9c
                0x00000000                . = ALIGN (0x4)
                0x00000000                _sfixed = .
 *(.vectors .vectors.*)
 .vectors       0x00000000       0xb0 src/ASF/sam0/utils/cmsis/samd21/source/gcc/startup_samd21.o
                0x00000000                exception_table
 *(.text .text.* .gnu.linkonce.t.*)
 .text          0x000000b0       0x60 c:/program files (x86)/atmel/atmel toolchain/arm gcc/native/4.8.1443/arm-gnu-toolchain/bin/../lib/gcc/arm-none-eabi/4.8.4/armv6-m/crtbegin.o
 .text.delay_init
                0x00000110       0x3c src/ASF/common2/services/delay/sam0/systick_counter.o
                0x00000110                delay_init
 .text.delay_cycles_ms
                0x0000014c       0x2c src/ASF/common2/services/delay/sam0/systick_counter.o
                0x0000014c                delay_cycles_ms
 .text.configure_debug_serial
                0x00000178       0xa0 src/debug_serial.o
                0x00000178                configure_debug_serial
 .text.print    0x00000218       0x40 src/debug_serial.o
                0x00000218                print
 .text.println  0x00000258       0x60 src/debug_serial.o
                0x00000258                println
 .text.printnum
                0x000002b8       0x28 src/debug_serial.o
                0x000002b8                printnum
 .text.printlnnum
                0x000002e0       0x40 src/debug_serial.o
                0x000002e0                printlnnum
 .text.printlnflt
                0x00000320       0xb8 src/debug_serial.o
                0x00000320                printlnflt
 .text.writechar
                0x000003d8       0x20 src/debug_serial.o
                0x000003d8                writechar
 .text.revstr   0x000003f8       0x38 src/debug_serial.o
                0x000003f8                revstr
 .text._printlnbin8
                0x00000430       0x60 src/debug_serial.o
                0x00000430                _printlnbin8
 .text.printlnbin
                0x00000490       0x70 src/debug_serial.o
                0x00000490                printlnbin
 .text.ltoa     0x00000500       0xd8 src/itoa.o
                0x00000500                ltoa
 .text.itoa     0x000005d8        0xc src/itoa.o
                0x000005d8                itoa
 .text.cpu_irq_enter_critical
                0x000005e4       0x40 src/ASF/common/utils/interrupt/interrupt_sam_nvic.o
                0x000005e4                cpu_irq_enter_critical
 .text.cpu_irq_leave_critical
                0x00000624       0x30 src/ASF/common/utils/interrupt/interrupt_sam_nvic.o
                0x00000624                cpu_irq_leave_critical
 .text.system_board_init
                0x00000654       0x38 src/ASF/sam0/boards/samd21_xplained_pro/board_init.o
                0x00000654                board_init
                0x00000654                system_board_init
 .text.port_pin_set_config
                0x0000068c       0x24 src/ASF/sam0/drivers/port/port.o
                0x0000068c                port_pin_set_config
 .text._sercom_get_sync_baud_val
                0x000006b0       0x28 src/ASF/sam0/drivers/sercom/sercom.o
                0x000006b0                _sercom_get_sync_baud_val
 .text._sercom_get_async_baud_val
                0x000006d8      0x1b0 src/ASF/sam0/drivers/sercom/sercom.o
                0x000006d8                _sercom_get_async_baud_val
 .text.sercom_set_gclk_generator
                0x00000888       0x50 src/ASF/sam0/drivers/sercom/sercom.o
                0x00000888                sercom_set_gclk_generator
 .text._sercom_get_default_pad
                0x000008d8      0x188 src/ASF/sam0/drivers/sercom/sercom.o
                0x000008d8                _sercom_get_default_pad
 .text._sercom_get_sercom_inst_index
                0x00000a60       0x3c src/ASF/sam0/drivers/sercom/sercom.o
                0x00000a60                _sercom_get_sercom_inst_index
 .text.usart_init
                0x00000a9c      0x2c0 src/ASF/sam0/drivers/sercom/usart/usart.o
                0x00000a9c                usart_init
 .text.usart_write_wait
                0x00000d5c       0x28 src/ASF/sam0/drivers/sercom/usart/usart.o
                0x00000d5c                usart_write_wait
 .text.usart_write_buffer_wait
                0x00000d84       0xbc src/ASF/sam0/drivers/sercom/usart/usart.o
                0x00000d84                usart_write_buffer_wait
 .text.system_clock_source_get_hz
                0x00000e40       0x90 src/ASF/sam0/drivers/system/clock/clock_samd21_r21/clock.o
                0x00000e40                system_clock_source_get_hz
 .text.system_clock_source_osc8m_set_config
                0x00000ed0       0x3c src/ASF/sam0/drivers/system/clock/clock_samd21_r21/clock.o
                0x00000ed0                system_clock_source_osc8m_set_config
 .text.system_clock_source_enable
                0x00000f0c       0xa0 src/ASF/sam0/drivers/system/clock/clock_samd21_r21/clock.o
                0x00000f0c                system_clock_source_enable
 .text.system_clock_init
                0x00000fac       0x98 src/ASF/sam0/drivers/system/clock/clock_samd21_r21/clock.o
                0x00000fac                system_clock_init
 .text.system_gclk_init
                0x00001044       0x24 src/ASF/sam0/drivers/system/clock/clock_samd21_r21/gclk.o
                0x00001044                system_gclk_init
 .text.system_gclk_gen_set_config
                0x00001068       0xb4 src/ASF/sam0/drivers/system/clock/clock_samd21_r21/gclk.o
                0x00001068                system_gclk_gen_set_config
 .text.system_gclk_gen_enable
                0x0000111c       0x44 src/ASF/sam0/drivers/system/clock/clock_samd21_r21/gclk.o
                0x0000111c                system_gclk_gen_enable
 .text.system_gclk_gen_get_hz
                0x00001160       0x8c src/ASF/sam0/drivers/system/clock/clock_samd21_r21/gclk.o
                0x00001160                system_gclk_gen_get_hz
 .text.system_gclk_chan_enable
                0x000011ec       0x30 src/ASF/sam0/drivers/system/clock/clock_samd21_r21/gclk.o
                0x000011ec                system_gclk_chan_enable
 .text.system_gclk_chan_disable
                0x0000121c       0x5c src/ASF/sam0/drivers/system/clock/clock_samd21_r21/gclk.o
                0x0000121c                system_gclk_chan_disable
 .text.system_gclk_chan_set_config
                0x00001278       0x1c src/ASF/sam0/drivers/system/clock/clock_samd21_r21/gclk.o
                0x00001278                system_gclk_chan_set_config
 .text.system_gclk_chan_get_hz
                0x00001294       0x34 src/ASF/sam0/drivers/system/clock/clock_samd21_r21/gclk.o
                0x00001294                system_gclk_chan_get_hz
 .text._system_pinmux_config
                0x000012c8       0x8c src/ASF/sam0/drivers/system/pinmux/pinmux.o
 .text.system_pinmux_pin_set_config
                0x00001354       0x2c src/ASF/sam0/drivers/system/pinmux/pinmux.o
                0x00001354                system_pinmux_pin_set_config
 .text._system_dummy_init
                0x00001380        0x4 src/ASF/sam0/drivers/system/system.o
                0x00001380                _system_events_init
                0x00001380                _system_dummy_init
                0x00001380                _system_extint_init
 .text.system_init
                0x00001384       0x24 src/ASF/sam0/drivers/system/system.o
                0x00001384                system_init
 .text.Dummy_Handler
                0x000013a8        0x4 src/ASF/sam0/utils/cmsis/samd21/source/gcc/startup_samd21.o
                0x000013a8                DMAC_Handler
                0x000013a8                HardFault_Handler
                0x000013a8                AC_Handler
                0x000013a8                SysTick_Handler
                0x000013a8                PendSV_Handler
                0x000013a8                NMI_Handler
                0x000013a8                TC7_Handler
                0x000013a8                SERCOM1_Handler
                0x000013a8                ADC_Handler
                0x000013a8                TCC1_Handler
                0x000013a8                SERCOM2_Handler
                0x000013a8                TCC0_Handler
                0x000013a8                RTC_Handler
                0x000013a8                EIC_Handler
                0x000013a8                TC6_Handler
                0x000013a8                WDT_Handler
                0x000013a8                TC4_Handler
                0x000013a8                USB_Handler
                0x000013a8                TC3_Handler
                0x000013a8                Dummy_Handler
                0x000013a8                PM_Handler
                0x000013a8                SERCOM5_Handler
                0x000013a8                SVC_Handler
                0x000013a8                TCC2_Handler
                0x000013a8                EVSYS_Handler
                0x000013a8                SERCOM3_Handler
                0x000013a8                SERCOM4_Handler
                0x000013a8                I2S_Handler
                0x000013a8                NVMCTRL_Handler
                0x000013a8                SERCOM0_Handler
                0x000013a8                DAC_Handler
                0x000013a8                PTC_Handler
                0x000013a8                TC5_Handler
                0x000013a8                SYSCTRL_Handler
 .text.Reset_Handler
                0x000013ac       0xec src/ASF/sam0/utils/cmsis/samd21/source/gcc/startup_samd21.o
                0x000013ac                Reset_Handler
 .text.main     0x00001498      0x1bc src/main.o
                0x00001498                main
 .text          0x00001654       0x9c c:/program files (x86)/atmel/atmel toolchain/arm gcc/native/4.8.1443/arm-gnu-toolchain/bin/../lib/gcc/arm-none-eabi/4.8.4/armv6-m\libgcc.a(_udivsi3.o)
                0x00001654                __aeabi_uidiv
                0x00001654                __udivsi3
                0x000016dc                __aeabi_uidivmod
 .text          0x000016f0        0x4 c:/program files (x86)/atmel/atmel toolchain/arm gcc/native/4.8.1443/arm-gnu-toolchain/bin/../lib/gcc/arm-none-eabi/4.8.4/armv6-m\libgcc.a(_dvmd_tls.o)
                0x000016f0                __aeabi_idiv0
                0x000016f0                __aeabi_ldiv0
 .text          0x000016f4       0x44 c:/program files (x86)/atmel/atmel toolchain/arm gcc/native/4.8.1443/arm-gnu-toolchain/bin/../lib/gcc/arm-none-eabi/4.8.4/armv6-m\libgcc.a(_muldi3.o)
                0x000016f4                __muldi3
                0x000016f4                __aeabi_lmul
 .text          0x00001738      0x254 c:/program files (x86)/atmel/atmel toolchain/arm gcc/native/4.8.1443/arm-gnu-toolchain/bin/../lib/gcc/arm-none-eabi/4.8.4/armv6-m\libgcc.a(mulsf3.o)
                0x00001738                __aeabi_fmul
 .text          0x0000198c       0x40 c:/program files (x86)/atmel/atmel toolchain/arm gcc/native/4.8.1443/arm-gnu-toolchain/bin/../lib/gcc/arm-none-eabi/4.8.4/armv6-m\libgcc.a(fixsfsi.o)
                0x0000198c                __aeabi_f2iz
 .text          0x000019cc       0x3c c:/program files (x86)/atmel/atmel toolchain/arm gcc/native/4.8.1443/arm-gnu-toolchain/bin/../lib/gcc/arm-none-eabi/4.8.4/armv6-m\libgcc.a(_clzsi2.o)
                0x000019cc                __clzsi2
 .text.__libc_init_array
                0x00001a08       0x4c c:/program files (x86)/atmel/atmel toolchain/arm gcc/native/4.8.1443/arm-gnu-toolchain/bin/../lib/gcc/arm-none-eabi/4.8.4/../../../../arm-none-eabi/lib/armv6-m\libc_s.a(lib_a-init.o)
                0x00001a08                __libc_init_array
 *(.glue_7t)
 .glue_7t       0x00000000        0x0 linker stubs
 *(.glue_7)
 .glue_7        0x00000000        0x0 linker stubs
 *(.rodata .rodata* .gnu.linkonce.r.*)
 .rodata.str1.4
                0x00001a54        0x3 src/debug_serial.o
                                  0x4 (size before relaxing)
 *fill*         0x00001a57        0x1 
 .rodata        0x00001a58       0x18 src/ASF/sam0/drivers/sercom/sercom.o
 .rodata.system_clock_source_get_hz
                0x00001a70       0x24 src/ASF/sam0/drivers/system/clock/clock_samd21_r21/clock.o
 .rodata.system_clock_source_enable
                0x00001a94       0x24 src/ASF/sam0/drivers/system/clock/clock_samd21_r21/clock.o
 .rodata.str1.4
                0x00001ab8       0x84 src/main.o
                                 0x88 (size before relaxing)
 .rodata        0x00001b3c       0x40 c:/program files (x86)/atmel/atmel toolchain/arm gcc/native/4.8.1443/arm-gnu-toolchain/bin/../lib/gcc/arm-none-eabi/4.8.4/armv6-m\libgcc.a(mulsf3.o)
 *(.ARM.extab* .gnu.linkonce.armextab.*)
                0x00001b7c                . = ALIGN (0x4)
 *(.init)
 .init          0x00001b7c        0x4 c:/program files (x86)/atmel/atmel toolchain/arm gcc/native/4.8.1443/arm-gnu-toolchain/bin/../lib/gcc/arm-none-eabi/4.8.4/armv6-m/crti.o
                0x00001b7c                _init
 .init          0x00001b80        0x8 c:/program files (x86)/atmel/atmel toolchain/arm gcc/native/4.8.1443/arm-gnu-toolchain/bin/../lib/gcc/arm-none-eabi/4.8.4/armv6-m/crtn.o
                0x00001b88                . = ALIGN (0x4)
                0x00001b88                __preinit_array_start = .
 *(.preinit_array)
                0x00001b88                __preinit_array_end = .
                0x00001b88                . = ALIGN (0x4)
                0x00001b88                __init_array_start = .
 *(SORT(.init_array.*))
 *(.init_array)
 .init_array    0x00001b88        0x4 c:/program files (x86)/atmel/atmel toolchain/arm gcc/native/4.8.1443/arm-gnu-toolchain/bin/../lib/gcc/arm-none-eabi/4.8.4/armv6-m/crtbegin.o
                0x00001b8c                __init_array_end = .
                0x00001b8c                . = ALIGN (0x4)
 *crtbegin.o(.ctors)
 *(EXCLUDE_FILE(*crtend.o) .ctors)
 *(SORT(.ctors.*))
 *crtend.o(.ctors)
                0x00001b8c                . = ALIGN (0x4)
 *(.fini)
 .fini          0x00001b8c        0x4 c:/program files (x86)/atmel/atmel toolchain/arm gcc/native/4.8.1443/arm-gnu-toolchain/bin/../lib/gcc/arm-none-eabi/4.8.4/armv6-m/crti.o
                0x00001b8c                _fini
 .fini          0x00001b90        0x8 c:/program files (x86)/atmel/atmel toolchain/arm gcc/native/4.8.1443/arm-gnu-toolchain/bin/../lib/gcc/arm-none-eabi/4.8.4/armv6-m/crtn.o
                0x00001b98                . = ALIGN (0x4)
                0x00001b98                __fini_array_start = .
 *(.fini_array)
 .fini_array    0x00001b98        0x4 c:/program files (x86)/atmel/atmel toolchain/arm gcc/native/4.8.1443/arm-gnu-toolchain/bin/../lib/gcc/arm-none-eabi/4.8.4/armv6-m/crtbegin.o
 *(SORT(.fini_array.*))
                0x00001b9c                __fini_array_end = .
 *crtbegin.o(.dtors)
 *(EXCLUDE_FILE(*crtend.o) .dtors)
 *(SORT(.dtors.*))
 *crtend.o(.dtors)
                0x00001b9c                . = ALIGN (0x4)
                0x00001b9c                _efixed = .
                0x00001b9c                PROVIDE (__exidx_start, .)

.vfp11_veneer   0x00001b9c        0x0
 .vfp11_veneer  0x00000000        0x0 linker stubs

.v4_bx          0x00001b9c        0x0
 .v4_bx         0x00000000        0x0 linker stubs

.iplt           0x00001b9c        0x0
 .iplt          0x00000000        0x0 c:/program files (x86)/atmel/atmel toolchain/arm gcc/native/4.8.1443/arm-gnu-toolchain/bin/../lib/gcc/arm-none-eabi/4.8.4/armv6-m/crtbegin.o

.eh_frame       0x00001b9c        0x0
 .eh_frame      0x00001b9c        0x0 c:/program files (x86)/atmel/atmel toolchain/arm gcc/native/4.8.1443/arm-gnu-toolchain/bin/../lib/gcc/arm-none-eabi/4.8.4/armv6-m/crtbegin.o

.rel.dyn        0x00001b9c        0x0
 .rel.iplt      0x00000000        0x0 c:/program files (x86)/atmel/atmel toolchain/arm gcc/native/4.8.1443/arm-gnu-toolchain/bin/../lib/gcc/arm-none-eabi/4.8.4/armv6-m/crtbegin.o

.jcr            0x00001b9c        0x0
 .jcr           0x00001b9c        0x0 c:/program files (x86)/atmel/atmel toolchain/arm gcc/native/4.8.1443/arm-gnu-toolchain/bin/../lib/gcc/arm-none-eabi/4.8.4/armv6-m/crtbegin.o

.igot.plt       0x00001b9c        0x0
 .igot.plt      0x00000000        0x0 c:/program files (x86)/atmel/atmel toolchain/arm gcc/native/4.8.1443/arm-gnu-toolchain/bin/../lib/gcc/arm-none-eabi/4.8.4/armv6-m/crtbegin.o

.ARM.exidx
 *(.ARM.exidx* .gnu.linkonce.armexidx.*)
                0x00001b9c                PROVIDE (__exidx_end, .)
                0x00001b9c                . = ALIGN (0x4)
                0x00001b9c                _etext = .

.relocate       0x20000000        0xc load address 0x00001b9c
                0x20000000                . = ALIGN (0x4)
                0x20000000                _srelocate = .
 *(.ramfunc .ramfunc.*)
 *(.data .data.*)
 .data.cycles_per_us
                0x20000000        0x4 src/ASF/common2/services/delay/sam0/systick_counter.o
 .data.cycles_per_ms
                0x20000004        0x4 src/ASF/common2/services/delay/sam0/systick_counter.o
 .data.g_interrupt_enabled
                0x20000008        0x1 src/ASF/common/utils/interrupt/interrupt_sam_nvic.o
                0x20000008                g_interrupt_enabled
                0x2000000c                . = ALIGN (0x4)
 *fill*         0x20000009        0x3 
                0x2000000c                _erelocate = .

.bss            0x2000000c       0x8c load address 0x00001ba8
                0x2000000c                . = ALIGN (0x4)
                0x2000000c                _sbss = .
                0x2000000c                _szero = .
 *(.bss .bss.*)
 .bss           0x2000000c       0x1c c:/program files (x86)/atmel/atmel toolchain/arm gcc/native/4.8.1443/arm-gnu-toolchain/bin/../lib/gcc/arm-none-eabi/4.8.4/armv6-m/crtbegin.o
 .bss.config_master_usart
                0x20000028       0x40 src/debug_serial.o
 .bss.cpu_irq_critical_section_counter
                0x20000068        0x4 src/ASF/common/utils/interrupt/interrupt_sam_nvic.o
 .bss.cpu_irq_prev_interrupt_state
                0x2000006c        0x1 src/ASF/common/utils/interrupt/interrupt_sam_nvic.o
 *fill*         0x2000006d        0x3 
 .bss._sercom_config
                0x20000070        0x4 src/ASF/sam0/drivers/sercom/sercom.o
 .bss._system_clock_inst
                0x20000074       0x18 src/ASF/sam0/drivers/system/clock/clock_samd21_r21/clock.o
 *(COMMON)
 COMMON         0x2000008c        0xc src/debug_serial.o
                0x2000008c                usart_master_instance
                0x20000098                . = ALIGN (0x4)
                0x20000098                _ebss = .
                0x20000098                _ezero = .

.stack          0x20000098     0x2000 load address 0x00001c34
                0x20000098                . = ALIGN (0x8)
                0x20000098                _sstack = .
                0x20002098                . = (. + STACK_SIZE)
 *fill*         0x20000098     0x2000 
                0x20002098                . = ALIGN (0x8)
                0x20002098                _estack = .
                0x20002098                . = ALIGN (0x4)
                0x20002098                _end = .
OUTPUT(Hello_World_Xplain.elf elf32-littlearm)

.ARM.attributes
                0x00000000       0x28
 .ARM.attributes
                0x00000000       0x1e c:/program files (x86)/atmel/atmel toolchain/arm gcc/native/4.8.1443/arm-gnu-toolchain/bin/../lib/gcc/arm-none-eabi/4.8.4/armv6-m/crti.o
 .ARM.attributes
                0x0000001e       0x2c c:/program files (x86)/atmel/atmel toolchain/arm gcc/native/4.8.1443/arm-gnu-toolchain/bin/../lib/gcc/arm-none-eabi/4.8.4/armv6-m/crtbegin.o
 .ARM.attributes
                0x0000004a       0x32 src/ASF/common2/services/delay/sam0/systick_counter.o
 .ARM.attributes
                0x0000007c       0x32 src/debug_serial.o
 .ARM.attributes
                0x000000ae       0x32 src/itoa.o
 .ARM.attributes
                0x000000e0       0x32 src/ASF/common/utils/interrupt/interrupt_sam_nvic.o
 .ARM.attributes
                0x00000112       0x32 src/ASF/sam0/boards/samd21_xplained_pro/board_init.o
 .ARM.attributes
                0x00000144       0x32 src/ASF/sam0/drivers/port/port.o
 .ARM.attributes
                0x00000176       0x32 src/ASF/sam0/drivers/sercom/sercom.o
 .ARM.attributes
                0x000001a8       0x32 src/ASF/sam0/drivers/sercom/usart/usart.o
 .ARM.attributes
                0x000001da       0x32 src/ASF/sam0/drivers/system/clock/clock_samd21_r21/clock.o
 .ARM.attributes
                0x0000020c       0x32 src/ASF/sam0/drivers/system/clock/clock_samd21_r21/gclk.o
 .ARM.attributes
                0x0000023e       0x32 src/ASF/sam0/drivers/system/pinmux/pinmux.o
 .ARM.attributes
                0x00000270       0x32 src/ASF/sam0/drivers/system/system.o
 .ARM.attributes
                0x000002a2       0x32 src/ASF/sam0/utils/cmsis/samd21/source/gcc/startup_samd21.o
 .ARM.attributes
                0x000002d4       0x32 src/main.o
 .ARM.attributes
                0x00000306       0x1e c:/program files (x86)/atmel/atmel toolchain/arm gcc/native/4.8.1443/arm-gnu-toolchain/bin/../lib/gcc/arm-none-eabi/4.8.4/armv6-m\libgcc.a(_udivsi3.o)
 .ARM.attributes
                0x00000324       0x1e c:/program files (x86)/atmel/atmel toolchain/arm gcc/native/4.8.1443/arm-gnu-toolchain/bin/../lib/gcc/arm-none-eabi/4.8.4/armv6-m\libgcc.a(_dvmd_tls.o)
 .ARM.attributes
                0x00000342       0x2c c:/program files (x86)/atmel/atmel toolchain/arm gcc/native/4.8.1443/arm-gnu-toolchain/bin/../lib/gcc/arm-none-eabi/4.8.4/armv6-m\libgcc.a(_muldi3.o)
 .ARM.attributes
                0x0000036e       0x2c c:/program files (x86)/atmel/atmel toolchain/arm gcc/native/4.8.1443/arm-gnu-toolchain/bin/../lib/gcc/arm-none-eabi/4.8.4/armv6-m\libgcc.a(mulsf3.o)
 .ARM.attributes
                0x0000039a       0x2c c:/program files (x86)/atmel/atmel toolchain/arm gcc/native/4.8.1443/arm-gnu-toolchain/bin/../lib/gcc/arm-none-eabi/4.8.4/armv6-m\libgcc.a(fixsfsi.o)
 .ARM.attributes
                0x000003c6       0x1e c:/program files (x86)/atmel/atmel toolchain/arm gcc/native/4.8.1443/arm-gnu-toolchain/bin/../lib/gcc/arm-none-eabi/4.8.4/armv6-m\libgcc.a(_clzsi2.o)
 .ARM.attributes
                0x000003e4       0x2c c:/program files (x86)/atmel/atmel toolchain/arm gcc/native/4.8.1443/arm-gnu-toolchain/bin/../lib/gcc/arm-none-eabi/4.8.4/../../../../arm-none-eabi/lib/armv6-m\libc_s.a(lib_a-init.o)
 .ARM.attributes
                0x00000410       0x1e c:/program files (x86)/atmel/atmel toolchain/arm gcc/native/4.8.1443/arm-gnu-toolchain/bin/../lib/gcc/arm-none-eabi/4.8.4/armv6-m/crtn.o

.comment        0x00000000       0x5b
 .comment       0x00000000       0x5b src/ASF/common2/services/delay/sam0/systick_counter.o
                                 0x5c (size before relaxing)
 .comment       0x00000000       0x5c src/debug_serial.o
 .comment       0x00000000       0x5c src/itoa.o
 .comment       0x00000000       0x5c src/ASF/common/utils/interrupt/interrupt_sam_nvic.o
 .comment       0x00000000       0x5c src/ASF/sam0/boards/samd21_xplained_pro/board_init.o
 .comment       0x00000000       0x5c src/ASF/sam0/drivers/port/port.o
 .comment       0x00000000       0x5c src/ASF/sam0/drivers/sercom/sercom.o
 .comment       0x00000000       0x5c src/ASF/sam0/drivers/sercom/usart/usart.o
 .comment       0x00000000       0x5c src/ASF/sam0/drivers/system/clock/clock_samd21_r21/clock.o
 .comment       0x00000000       0x5c src/ASF/sam0/drivers/system/clock/clock_samd21_r21/gclk.o
 .comment       0x00000000       0x5c src/ASF/sam0/drivers/system/pinmux/pinmux.o
 .comment       0x00000000       0x5c src/ASF/sam0/drivers/system/system.o
 .comment       0x00000000       0x5c src/ASF/sam0/utils/cmsis/samd21/source/gcc/startup_samd21.o
 .comment       0x00000000       0x5c src/main.o

.debug_info     0x00000000    0x15a2e
 .debug_info    0x00000000      0x269 src/ASF/common2/services/delay/sam0/systick_counter.o
 .debug_info    0x00000269     0x2da3 src/debug_serial.o
 .debug_info    0x0000300c      0x2ad src/itoa.o
 .debug_info    0x000032b9      0x1ec src/ASF/common/utils/interrupt/interrupt_sam_nvic.o
 .debug_info    0x000034a5      0x970 src/ASF/sam0/boards/samd21_xplained_pro/board_init.o
 .debug_info    0x00003e15      0x968 src/ASF/sam0/drivers/port/port.o
 .debug_info    0x0000477d     0x254b src/ASF/sam0/drivers/sercom/sercom.o
 .debug_info    0x00006cc8     0x3fd3 src/ASF/sam0/drivers/sercom/usart/usart.o
 .debug_info    0x0000ac9b     0x2d8c src/ASF/sam0/drivers/system/clock/clock_samd21_r21/clock.o
 .debug_info    0x0000da27     0x1556 src/ASF/sam0/drivers/system/clock/clock_samd21_r21/gclk.o
 .debug_info    0x0000ef7d      0xa49 src/ASF/sam0/drivers/system/pinmux/pinmux.o
 .debug_info    0x0000f9c6      0x16f src/ASF/sam0/drivers/system/system.o
 .debug_info    0x0000fb35     0x3a75 src/ASF/sam0/utils/cmsis/samd21/source/gcc/startup_samd21.o
 .debug_info    0x000135aa     0x2484 src/main.o

.debug_abbrev   0x00000000     0x1f1a
 .debug_abbrev  0x00000000      0x13c src/ASF/common2/services/delay/sam0/systick_counter.o
 .debug_abbrev  0x0000013c      0x2e0 src/debug_serial.o
 .debug_abbrev  0x0000041c       0xfc src/itoa.o
 .debug_abbrev  0x00000518       0xf6 src/ASF/common/utils/interrupt/interrupt_sam_nvic.o
 .debug_abbrev  0x0000060e      0x22b src/ASF/sam0/boards/samd21_xplained_pro/board_init.o
 .debug_abbrev  0x00000839      0x1da src/ASF/sam0/drivers/port/port.o
 .debug_abbrev  0x00000a13      0x2fd src/ASF/sam0/drivers/sercom/sercom.o
 .debug_abbrev  0x00000d10      0x3b1 src/ASF/sam0/drivers/sercom/usart/usart.o
 .debug_abbrev  0x000010c1      0x3ba src/ASF/sam0/drivers/system/clock/clock_samd21_r21/clock.o
 .debug_abbrev  0x0000147b      0x327 src/ASF/sam0/drivers/system/clock/clock_samd21_r21/gclk.o
 .debug_abbrev  0x000017a2      0x287 src/ASF/sam0/drivers/system/pinmux/pinmux.o
 .debug_abbrev  0x00001a29       0xb9 src/ASF/sam0/drivers/system/system.o
 .debug_abbrev  0x00001ae2      0x213 src/ASF/sam0/utils/cmsis/samd21/source/gcc/startup_samd21.o
 .debug_abbrev  0x00001cf5      0x225 src/main.o

.debug_loc      0x00000000     0x41b1
 .debug_loc     0x00000000       0xe4 src/ASF/common2/services/delay/sam0/systick_counter.o
 .debug_loc     0x000000e4      0x762 src/debug_serial.o
 .debug_loc     0x00000846      0x68c src/itoa.o
 .debug_loc     0x00000ed2       0x1e src/ASF/common/utils/interrupt/interrupt_sam_nvic.o
 .debug_loc     0x00000ef0       0x59 src/ASF/sam0/boards/samd21_xplained_pro/board_init.o
 .debug_loc     0x00000f49      0x16d src/ASF/sam0/drivers/port/port.o
 .debug_loc     0x000010b6      0x982 src/ASF/sam0/drivers/sercom/sercom.o
 .debug_loc     0x00001a38      0xe7b src/ASF/sam0/drivers/sercom/usart/usart.o
 .debug_loc     0x000028b3      0xfa4 src/ASF/sam0/drivers/system/clock/clock_samd21_r21/clock.o
 .debug_loc     0x00003857      0x508 src/ASF/sam0/drivers/system/clock/clock_samd21_r21/gclk.o
 .debug_loc     0x00003d5f      0x2e3 src/ASF/sam0/drivers/system/pinmux/pinmux.o
 .debug_loc     0x00004042       0x20 src/ASF/sam0/drivers/system/system.o
 .debug_loc     0x00004062       0x7c src/ASF/sam0/utils/cmsis/samd21/source/gcc/startup_samd21.o
 .debug_loc     0x000040de       0xd3 src/main.o

.debug_aranges  0x00000000      0x378
 .debug_aranges
                0x00000000       0x30 src/ASF/common2/services/delay/sam0/systick_counter.o
 .debug_aranges
                0x00000030       0x80 src/debug_serial.o
 .debug_aranges
                0x000000b0       0x38 src/itoa.o
 .debug_aranges
                0x000000e8       0x28 src/ASF/common/utils/interrupt/interrupt_sam_nvic.o
 .debug_aranges
                0x00000110       0x20 src/ASF/sam0/boards/samd21_xplained_pro/board_init.o
 .debug_aranges
                0x00000130       0x28 src/ASF/sam0/drivers/port/port.o
 .debug_aranges
                0x00000158       0x40 src/ASF/sam0/drivers/sercom/sercom.o
 .debug_aranges
                0x00000198       0x40 src/ASF/sam0/drivers/sercom/usart/usart.o
 .debug_aranges
                0x000001d8       0x78 src/ASF/sam0/drivers/system/clock/clock_samd21_r21/clock.o
 .debug_aranges
                0x00000250       0x80 src/ASF/sam0/drivers/system/clock/clock_samd21_r21/gclk.o
 .debug_aranges
                0x000002d0       0x38 src/ASF/sam0/drivers/system/pinmux/pinmux.o
 .debug_aranges
                0x00000308       0x28 src/ASF/sam0/drivers/system/system.o
 .debug_aranges
                0x00000330       0x28 src/ASF/sam0/utils/cmsis/samd21/source/gcc/startup_samd21.o
 .debug_aranges
                0x00000358       0x20 src/main.o

.debug_ranges   0x00000000      0x3b8
 .debug_ranges  0x00000000       0x50 src/ASF/common2/services/delay/sam0/systick_counter.o
 .debug_ranges  0x00000050       0x88 src/debug_serial.o
 .debug_ranges  0x000000d8       0x28 src/itoa.o
 .debug_ranges  0x00000100       0x18 src/ASF/common/utils/interrupt/interrupt_sam_nvic.o
 .debug_ranges  0x00000118       0x10 src/ASF/sam0/boards/samd21_xplained_pro/board_init.o
 .debug_ranges  0x00000128       0x18 src/ASF/sam0/drivers/port/port.o
 .debug_ranges  0x00000140       0x48 src/ASF/sam0/drivers/sercom/sercom.o
 .debug_ranges  0x00000188       0xf0 src/ASF/sam0/drivers/sercom/usart/usart.o
 .debug_ranges  0x00000278       0x68 src/ASF/sam0/drivers/system/clock/clock_samd21_r21/clock.o
 .debug_ranges  0x000002e0       0x70 src/ASF/sam0/drivers/system/clock/clock_samd21_r21/gclk.o
 .debug_ranges  0x00000350       0x28 src/ASF/sam0/drivers/system/pinmux/pinmux.o
 .debug_ranges  0x00000378       0x18 src/ASF/sam0/drivers/system/system.o
 .debug_ranges  0x00000390       0x18 src/ASF/sam0/utils/cmsis/samd21/source/gcc/startup_samd21.o
 .debug_ranges  0x000003a8       0x10 src/main.o

.debug_macro    0x00000000    0x18671
 .debug_macro   0x00000000      0x4a6 src/ASF/common2/services/delay/sam0/systick_counter.o
 .debug_macro   0x000004a6      0x838 src/ASF/common2/services/delay/sam0/systick_counter.o
 .debug_macro   0x00000cde      0x166 src/ASF/common2/services/delay/sam0/systick_counter.o
 .debug_macro   0x00000e44      0x4fb src/ASF/common2/services/delay/sam0/systick_counter.o
 .debug_macro   0x0000133f       0x16 src/ASF/common2/services/delay/sam0/systick_counter.o
 .debug_macro   0x00001355       0x44 src/ASF/common2/services/delay/sam0/systick_counter.o
 .debug_macro   0x00001399      0x209 src/ASF/common2/services/delay/sam0/systick_counter.o
 .debug_macro   0x000015a2       0x10 src/ASF/common2/services/delay/sam0/systick_counter.o
 .debug_macro   0x000015b2       0x76 src/ASF/common2/services/delay/sam0/systick_counter.o
 .debug_macro   0x00001628       0x16 src/ASF/common2/services/delay/sam0/systick_counter.o
 .debug_macro   0x0000163e      0x6e5 src/ASF/common2/services/delay/sam0/systick_counter.o
 .debug_macro   0x00001d23      0xde2 src/ASF/common2/services/delay/sam0/systick_counter.o
 .debug_macro   0x00002b05       0x22 src/ASF/common2/services/delay/sam0/systick_counter.o
 .debug_macro   0x00002b27       0x40 src/ASF/common2/services/delay/sam0/systick_counter.o
 .debug_macro   0x00002b67       0x3a src/ASF/common2/services/delay/sam0/systick_counter.o
 .debug_macro   0x00002ba1       0x1f src/ASF/common2/services/delay/sam0/systick_counter.o
 .debug_macro   0x00002bc0      0x250 src/ASF/common2/services/delay/sam0/systick_counter.o
 .debug_macro   0x00002e10      0x682 src/ASF/common2/services/delay/sam0/systick_counter.o
 .debug_macro   0x00003492      0x8c1 src/ASF/common2/services/delay/sam0/systick_counter.o
 .debug_macro   0x00003d53      0x235 src/ASF/common2/services/delay/sam0/systick_counter.o
 .debug_macro   0x00003f88      0xd66 src/ASF/common2/services/delay/sam0/systick_counter.o
 .debug_macro   0x00004cee      0x4ce src/ASF/common2/services/delay/sam0/systick_counter.o
 .debug_macro   0x000051bc      0x9fb src/ASF/common2/services/delay/sam0/systick_counter.o
 .debug_macro   0x00005bb7      0x82e src/ASF/common2/services/delay/sam0/systick_counter.o
 .debug_macro   0x000063e5      0x462 src/ASF/common2/services/delay/sam0/systick_counter.o
 .debug_macro   0x00006847       0x5e src/ASF/common2/services/delay/sam0/systick_counter.o
 .debug_macro   0x000068a5      0x907 src/ASF/common2/services/delay/sam0/systick_counter.o
 .debug_macro   0x000071ac      0x226 src/ASF/common2/services/delay/sam0/systick_counter.o
 .debug_macro   0x000073d2      0x95c src/ASF/common2/services/delay/sam0/systick_counter.o
 .debug_macro   0x00007d2e       0x5e src/ASF/common2/services/delay/sam0/systick_counter.o
 .debug_macro   0x00007d8c      0x682 src/ASF/common2/services/delay/sam0/systick_counter.o
 .debug_macro   0x0000840e      0x3b8 src/ASF/common2/services/delay/sam0/systick_counter.o
 .debug_macro   0x000087c6      0xc55 src/ASF/common2/services/delay/sam0/systick_counter.o
 .debug_macro   0x0000941b     0x1093 src/ASF/common2/services/delay/sam0/systick_counter.o
 .debug_macro   0x0000a4ae      0xc4a src/ASF/common2/services/delay/sam0/systick_counter.o
 .debug_macro   0x0000b0f8      0x6c2 src/ASF/common2/services/delay/sam0/systick_counter.o
 .debug_macro   0x0000b7ba     0x1b4e src/ASF/common2/services/delay/sam0/systick_counter.o
 .debug_macro   0x0000d308     0x144d src/ASF/common2/services/delay/sam0/systick_counter.o
 .debug_macro   0x0000e755      0x351 src/ASF/common2/services/delay/sam0/systick_counter.o
 .debug_macro   0x0000eaa6       0x7c src/ASF/common2/services/delay/sam0/systick_counter.o
 .debug_macro   0x0000eb22       0xa0 src/ASF/common2/services/delay/sam0/systick_counter.o
 .debug_macro   0x0000ebc2       0x4c src/ASF/common2/services/delay/sam0/systick_counter.o
 .debug_macro   0x0000ec0e       0xca src/ASF/common2/services/delay/sam0/systick_counter.o
 .debug_macro   0x0000ecd8       0x94 src/ASF/common2/services/delay/sam0/systick_counter.o
 .debug_macro   0x0000ed6c       0x58 src/ASF/common2/services/delay/sam0/systick_counter.o
 .debug_macro   0x0000edc4      0x38a src/ASF/common2/services/delay/sam0/systick_counter.o
 .debug_macro   0x0000f14e       0x82 src/ASF/common2/services/delay/sam0/systick_counter.o
 .debug_macro   0x0000f1d0      0x19a src/ASF/common2/services/delay/sam0/systick_counter.o
 .debug_macro   0x0000f36a       0xb8 src/ASF/common2/services/delay/sam0/systick_counter.o
 .debug_macro   0x0000f422       0xa0 src/ASF/common2/services/delay/sam0/systick_counter.o
 .debug_macro   0x0000f4c2       0xbe src/ASF/common2/services/delay/sam0/systick_counter.o
 .debug_macro   0x0000f580       0x1c src/ASF/common2/services/delay/sam0/systick_counter.o
 .debug_macro   0x0000f59c       0x1c src/ASF/common2/services/delay/sam0/systick_counter.o
 .debug_macro   0x0000f5b8       0x1c src/ASF/common2/services/delay/sam0/systick_counter.o
 .debug_macro   0x0000f5d4       0x82 src/ASF/common2/services/delay/sam0/systick_counter.o
 .debug_macro   0x0000f656      0x164 src/ASF/common2/services/delay/sam0/systick_counter.o
 .debug_macro   0x0000f7ba       0xdc src/ASF/common2/services/delay/sam0/systick_counter.o
 .debug_macro   0x0000f896      0x132 src/ASF/common2/services/delay/sam0/systick_counter.o
 .debug_macro   0x0000f9c8      0x132 src/ASF/common2/services/delay/sam0/systick_counter.o
 .debug_macro   0x0000fafa      0x132 src/ASF/common2/services/delay/sam0/systick_counter.o
 .debug_macro   0x0000fc2c      0x132 src/ASF/common2/services/delay/sam0/systick_counter.o
 .debug_macro   0x0000fd5e      0x132 src/ASF/common2/services/delay/sam0/systick_counter.o
 .debug_macro   0x0000fe90      0x132 src/ASF/common2/services/delay/sam0/systick_counter.o
 .debug_macro   0x0000ffc2      0x11e src/ASF/common2/services/delay/sam0/systick_counter.o
 .debug_macro   0x000100e0       0xe2 src/ASF/common2/services/delay/sam0/systick_counter.o
 .debug_macro   0x000101c2       0xe2 src/ASF/common2/services/delay/sam0/systick_counter.o
 .debug_macro   0x000102a4       0xe2 src/ASF/common2/services/delay/sam0/systick_counter.o
 .debug_macro   0x00010386       0xe2 src/ASF/common2/services/delay/sam0/systick_counter.o
 .debug_macro   0x00010468       0xe2 src/ASF/common2/services/delay/sam0/systick_counter.o
 .debug_macro   0x0001054a      0x136 src/ASF/common2/services/delay/sam0/systick_counter.o
 .debug_macro   0x00010680      0x106 src/ASF/common2/services/delay/sam0/systick_counter.o
 .debug_macro   0x00010786       0xfa src/ASF/common2/services/delay/sam0/systick_counter.o
 .debug_macro   0x00010880      0x40f src/ASF/common2/services/delay/sam0/systick_counter.o
 .debug_macro   0x00010c8f       0x40 src/ASF/common2/services/delay/sam0/systick_counter.o
 .debug_macro   0x00010ccf      0x37d src/ASF/common2/services/delay/sam0/systick_counter.o
 .debug_macro   0x0001104c     0x1e5c src/ASF/common2/services/delay/sam0/systick_counter.o
 .debug_macro   0x00012ea8       0x51 src/ASF/common2/services/delay/sam0/systick_counter.o
 .debug_macro   0x00012ef9       0x58 src/ASF/common2/services/delay/sam0/systick_counter.o
 .debug_macro   0x00012f51       0x35 src/ASF/common2/services/delay/sam0/systick_counter.o
 .debug_macro   0x00012f86       0xa3 src/ASF/common2/services/delay/sam0/systick_counter.o
 .debug_macro   0x00013029       0x16 src/ASF/common2/services/delay/sam0/systick_counter.o
 .debug_macro   0x0001303f       0x35 src/ASF/common2/services/delay/sam0/systick_counter.o
 .debug_macro   0x00013074       0x10 src/ASF/common2/services/delay/sam0/systick_counter.o
 .debug_macro   0x00013084       0x52 src/ASF/common2/services/delay/sam0/systick_counter.o
 .debug_macro   0x000130d6       0x16 src/ASF/common2/services/delay/sam0/systick_counter.o
 .debug_macro   0x000130ec       0x43 src/ASF/common2/services/delay/sam0/systick_counter.o
 .debug_macro   0x0001312f      0x180 src/ASF/common2/services/delay/sam0/systick_counter.o
 .debug_macro   0x000132af       0x10 src/ASF/common2/services/delay/sam0/systick_counter.o
 .debug_macro   0x000132bf       0x22 src/ASF/common2/services/delay/sam0/systick_counter.o
 .debug_macro   0x000132e1       0xbd src/ASF/common2/services/delay/sam0/systick_counter.o
 .debug_macro   0x0001339e       0x16 src/ASF/common2/services/delay/sam0/systick_counter.o
 .debug_macro   0x000133b4      0x16c src/ASF/common2/services/delay/sam0/systick_counter.o
 .debug_macro   0x00013520       0x16 src/ASF/common2/services/delay/sam0/systick_counter.o
 .debug_macro   0x00013536       0x16 src/ASF/common2/services/delay/sam0/systick_counter.o
 .debug_macro   0x0001354c       0x29 src/ASF/common2/services/delay/sam0/systick_counter.o
 .debug_macro   0x00013575       0x51 src/ASF/common2/services/delay/sam0/systick_counter.o
 .debug_macro   0x000135c6       0x3f src/ASF/common2/services/delay/sam0/systick_counter.o
 .debug_macro   0x00013605      0x3df src/ASF/common2/services/delay/sam0/systick_counter.o
 .debug_macro   0x000139e4       0x11 src/ASF/common2/services/delay/sam0/systick_counter.o
 .debug_macro   0x000139f5       0x16 src/ASF/common2/services/delay/sam0/systick_counter.o
 .debug_macro   0x00013a0b       0x16 src/ASF/common2/services/delay/sam0/systick_counter.o
 .debug_macro   0x00013a21      0x51d src/debug_serial.o
 .debug_macro   0x00013f3e       0x11 src/debug_serial.o
 .debug_macro   0x00013f4f       0x2e src/debug_serial.o
 .debug_macro   0x00013f7d       0xb2 src/debug_serial.o
 .debug_macro   0x0001402f       0x10 src/debug_serial.o
 .debug_macro   0x0001403f       0x51 src/debug_serial.o
 .debug_macro   0x00014090      0x9f7 src/debug_serial.o
 .debug_macro   0x00014a87       0xda src/itoa.o
 .debug_macro   0x00014b61       0x4a src/itoa.o
 .debug_macro   0x00014bab      0x2a6 src/itoa.o
 .debug_macro   0x00014e51       0x10 src/itoa.o
 .debug_macro   0x00014e61       0x1f src/itoa.o
 .debug_macro   0x00014e80      0x46b src/ASF/common/utils/interrupt/interrupt_sam_nvic.o
 .debug_macro   0x000152eb      0x4a7 src/ASF/sam0/boards/samd21_xplained_pro/board_init.o
 .debug_macro   0x00015792      0x256 src/ASF/sam0/boards/samd21_xplained_pro/board_init.o
 .debug_macro   0x000159e8       0x12 src/ASF/sam0/boards/samd21_xplained_pro/board_init.o
 .debug_macro   0x000159fa      0x485 src/ASF/sam0/drivers/port/port.o
 .debug_macro   0x00015e7f      0x4f9 src/ASF/sam0/drivers/sercom/sercom.o
 .debug_macro   0x00016378      0x4f1 src/ASF/sam0/drivers/sercom/usart/usart.o
 .debug_macro   0x00016869      0x4dd src/ASF/sam0/drivers/system/clock/clock_samd21_r21/clock.o
 .debug_macro   0x00016d46      0x29d src/ASF/sam0/drivers/system/clock/clock_samd21_r21/clock.o
 .debug_macro   0x00016fe3      0x4a1 src/ASF/sam0/drivers/system/clock/clock_samd21_r21/gclk.o
 .debug_macro   0x00017484      0x47d src/ASF/sam0/drivers/system/pinmux/pinmux.o
 .debug_macro   0x00017901      0x4af src/ASF/sam0/drivers/system/system.o
 .debug_macro   0x00017db0      0x2d8 src/ASF/sam0/utils/cmsis/samd21/source/gcc/startup_samd21.o
 .debug_macro   0x00018088       0x3a src/ASF/sam0/utils/cmsis/samd21/source/gcc/startup_samd21.o
 .debug_macro   0x000180c2      0x558 src/main.o
 .debug_macro   0x0001861a       0x57 src/main.o

.debug_line     0x00000000     0x8876
 .debug_line    0x00000000      0x963 src/ASF/common2/services/delay/sam0/systick_counter.o
 .debug_line    0x00000963      0xcb8 src/debug_serial.o
 .debug_line    0x0000161b      0x3f9 src/itoa.o
 .debug_line    0x00001a14      0x86a src/ASF/common/utils/interrupt/interrupt_sam_nvic.o
 .debug_line    0x0000227e      0x911 src/ASF/sam0/boards/samd21_xplained_pro/board_init.o
 .debug_line    0x00002b8f      0x896 src/ASF/sam0/drivers/port/port.o
 .debug_line    0x00003425      0xb56 src/ASF/sam0/drivers/sercom/sercom.o
 .debug_line    0x00003f7b      0xc62 src/ASF/sam0/drivers/sercom/usart/usart.o
 .debug_line    0x00004bdd      0xbc9 src/ASF/sam0/drivers/system/clock/clock_samd21_r21/clock.o
 .debug_line    0x000057a6      0xc0c src/ASF/sam0/drivers/system/clock/clock_samd21_r21/gclk.o
 .debug_line    0x000063b2      0x8b4 src/ASF/sam0/drivers/system/pinmux/pinmux.o
 .debug_line    0x00006c66      0x981 src/ASF/sam0/drivers/system/system.o
 .debug_line    0x000075e7      0x66a src/ASF/sam0/utils/cmsis/samd21/source/gcc/startup_samd21.o
 .debug_line    0x00007c51      0xc25 src/main.o

.debug_str      0x00000000    0x8931c
 .debug_str     0x00000000    0x7e6f6 src/ASF/common2/services/delay/sam0/systick_counter.o
                              0x7ef38 (size before relaxing)
 .debug_str     0x0007e6f6     0x4b3d src/debug_serial.o
                              0x839d4 (size before relaxing)
 .debug_str     0x00083233      0xf59 src/itoa.o
                               0x4afe (size before relaxing)
 .debug_str     0x0008418c       0x9b src/ASF/common/utils/interrupt/interrupt_sam_nvic.o
                              0x7ed99 (size before relaxing)
 .debug_str     0x00084227      0xa18 src/ASF/sam0/boards/samd21_xplained_pro/board_init.o
                              0x828cb (size before relaxing)
 .debug_str     0x00084c3f      0x165 src/ASF/sam0/drivers/port/port.o
                              0x7f163 (size before relaxing)
 .debug_str     0x00084da4      0x41d src/ASF/sam0/drivers/sercom/sercom.o
                              0x80406 (size before relaxing)
 .debug_str     0x000851c1      0x688 src/ASF/sam0/drivers/sercom/usart/usart.o
                              0x80f21 (size before relaxing)
 .debug_str     0x00085849     0x2762 src/ASF/sam0/drivers/system/clock/clock_samd21_r21/clock.o
                              0x81e67 (size before relaxing)
 .debug_str     0x00087fab      0x2d2 src/ASF/sam0/drivers/system/clock/clock_samd21_r21/gclk.o
                              0x7fa15 (size before relaxing)
 .debug_str     0x0008827d      0x130 src/ASF/sam0/drivers/system/pinmux/pinmux.o
                              0x7f190 (size before relaxing)
 .debug_str     0x000883ad       0x47 src/ASF/sam0/drivers/system/system.o
                              0x7ee1e (size before relaxing)
 .debug_str     0x000883f4      0xefa src/ASF/sam0/utils/cmsis/samd21/source/gcc/startup_samd21.o
                              0x6dc5a (size before relaxing)
 .debug_str     0x000892ee       0x2e src/main.o
                              0x8397c (size before relaxing)

.debug_frame    0x00000000      0x914
 .debug_frame   0x00000000       0x60 src/ASF/common2/services/delay/sam0/systick_counter.o
 .debug_frame   0x00000060      0x180 src/debug_serial.o
 .debug_frame   0x000001e0       0x98 src/itoa.o
 .debug_frame   0x00000278       0x30 src/ASF/common/utils/interrupt/interrupt_sam_nvic.o
 .debug_frame   0x000002a8       0x30 src/ASF/sam0/boards/samd21_xplained_pro/board_init.o
 .debug_frame   0x000002d8       0x44 src/ASF/sam0/drivers/port/port.o
 .debug_frame   0x0000031c       0xa0 src/ASF/sam0/drivers/sercom/sercom.o
 .debug_frame   0x000003bc       0xc0 src/ASF/sam0/drivers/sercom/usart/usart.o
 .debug_frame   0x0000047c      0x150 src/ASF/sam0/drivers/system/clock/clock_samd21_r21/clock.o
 .debug_frame   0x000005cc      0x14c src/ASF/sam0/drivers/system/clock/clock_samd21_r21/gclk.o
 .debug_frame   0x00000718       0x7c src/ASF/sam0/drivers/system/pinmux/pinmux.o
 .debug_frame   0x00000794       0x38 src/ASF/sam0/drivers/system/system.o
 .debug_frame   0x000007cc       0x3c src/ASF/sam0/utils/cmsis/samd21/source/gcc/startup_samd21.o
 .debug_frame   0x00000808       0x34 src/main.o
 .debug_frame   0x0000083c       0x20 c:/program files (x86)/atmel/atmel toolchain/arm gcc/native/4.8.1443/arm-gnu-toolchain/bin/../lib/gcc/arm-none-eabi/4.8.4/armv6-m\libgcc.a(_udivsi3.o)
 .debug_frame   0x0000085c       0x30 c:/program files (x86)/atmel/atmel toolchain/arm gcc/native/4.8.1443/arm-gnu-toolchain/bin/../lib/gcc/arm-none-eabi/4.8.4/armv6-m\libgcc.a(_muldi3.o)
 .debug_frame   0x0000088c       0x3c c:/program files (x86)/atmel/atmel toolchain/arm gcc/native/4.8.1443/arm-gnu-toolchain/bin/../lib/gcc/arm-none-eabi/4.8.4/armv6-m\libgcc.a(mulsf3.o)
 .debug_frame   0x000008c8       0x20 c:/program files (x86)/atmel/atmel toolchain/arm gcc/native/4.8.1443/arm-gnu-toolchain/bin/../lib/gcc/arm-none-eabi/4.8.4/armv6-m\libgcc.a(fixsfsi.o)
 .debug_frame   0x000008e8       0x2c c:/program files (x86)/atmel/atmel toolchain/arm gcc/native/4.8.1443/arm-gnu-toolchain/bin/../lib/gcc/arm-none-eabi/4.8.4/../../../../arm-none-eabi/lib/armv6-m\libc_s.a(lib_a-init.o)

Cross Reference Table

Symbol                                            File
AC_Handler                                        src/ASF/sam0/utils/cmsis/samd21/source/gcc/startup_samd21.o
ADC_Handler                                       src/ASF/sam0/utils/cmsis/samd21/source/gcc/startup_samd21.o
DAC_Handler                                       src/ASF/sam0/utils/cmsis/samd21/source/gcc/startup_samd21.o
DMAC_Handler                                      src/ASF/sam0/utils/cmsis/samd21/source/gcc/startup_samd21.o
Dummy_Handler                                     src/ASF/sam0/utils/cmsis/samd21/source/gcc/startup_samd21.o
EIC_Handler                                       src/ASF/sam0/utils/cmsis/samd21/source/gcc/startup_samd21.o
EVSYS_Handler                                     src/ASF/sam0/utils/cmsis/samd21/source/gcc/startup_samd21.o
HardFault_Handler                                 src/ASF/sam0/utils/cmsis/samd21/source/gcc/startup_samd21.o
I2S_Handler                                       src/ASF/sam0/utils/cmsis/samd21/source/gcc/startup_samd21.o
NMI_Handler                                       src/ASF/sam0/utils/cmsis/samd21/source/gcc/startup_samd21.o
NVMCTRL_Handler                                   src/ASF/sam0/utils/cmsis/samd21/source/gcc/startup_samd21.o
PM_Handler                                        src/ASF/sam0/utils/cmsis/samd21/source/gcc/startup_samd21.o
PTC_Handler                                       src/ASF/sam0/utils/cmsis/samd21/source/gcc/startup_samd21.o
PendSV_Handler                                    src/ASF/sam0/utils/cmsis/samd21/source/gcc/startup_samd21.o
RTC_Handler                                       src/ASF/sam0/utils/cmsis/samd21/source/gcc/startup_samd21.o
Reset_Handler                                     src/ASF/sam0/utils/cmsis/samd21/source/gcc/startup_samd21.o
SERCOM0_Handler                                   src/ASF/sam0/utils/cmsis/samd21/source/gcc/startup_samd21.o
SERCOM1_Handler                                   src/ASF/sam0/utils/cmsis/samd21/source/gcc/startup_samd21.o
SERCOM2_Handler                                   src/ASF/sam0/utils/cmsis/samd21/source/gcc/startup_samd21.o
SERCOM3_Handler                                   src/ASF/sam0/utils/cmsis/samd21/source/gcc/startup_samd21.o
SERCOM4_Handler                                   src/ASF/sam0/utils/cmsis/samd21/source/gcc/startup_samd21.o
SERCOM5_Handler                                   src/ASF/sam0/utils/cmsis/samd21/source/gcc/startup_samd21.o
SVC_Handler                                       src/ASF/sam0/utils/cmsis/samd21/source/gcc/startup_samd21.o
SYSCTRL_Handler                                   src/ASF/sam0/utils/cmsis/samd21/source/gcc/startup_samd21.o
SysTick_Handler                                   src/ASF/sam0/utils/cmsis/samd21/source/gcc/startup_samd21.o
SystemCoreClock                                   src/ASF/sam0/utils/cmsis/samd21/source/system_samd21.o
SystemCoreClockUpdate                             src/ASF/sam0/utils/cmsis/samd21/source/system_samd21.o
SystemInit                                        src/ASF/sam0/utils/cmsis/samd21/source/system_samd21.o
TC3_Handler                                       src/ASF/sam0/utils/cmsis/samd21/source/gcc/startup_samd21.o
TC4_Handler                                       src/ASF/sam0/utils/cmsis/samd21/source/gcc/startup_samd21.o
TC5_Handler                                       src/ASF/sam0/utils/cmsis/samd21/source/gcc/startup_samd21.o
TC6_Handler                                       src/ASF/sam0/utils/cmsis/samd21/source/gcc/startup_samd21.o
TC7_Handler                                       src/ASF/sam0/utils/cmsis/samd21/source/gcc/startup_samd21.o
TCC0_Handler                                      src/ASF/sam0/utils/cmsis/samd21/source/gcc/startup_samd21.o
TCC1_Handler                                      src/ASF/sam0/utils/cmsis/samd21/source/gcc/startup_samd21.o
TCC2_Handler                                      src/ASF/sam0/utils/cmsis/samd21/source/gcc/startup_samd21.o
USB_Handler                                       src/ASF/sam0/utils/cmsis/samd21/source/gcc/startup_samd21.o
WDT_Handler                                       src/ASF/sam0/utils/cmsis/samd21/source/gcc/startup_samd21.o
_Jv_RegisterClasses                               c:/program files (x86)/atmel/atmel toolchain/arm gcc/native/4.8.1443/arm-gnu-toolchain/bin/../lib/gcc/arm-none-eabi/4.8.4/armv6-m/crtbegin.o
__aeabi_f2iz                                      c:/program files (x86)/atmel/atmel toolchain/arm gcc/native/4.8.1443/arm-gnu-toolchain/bin/../lib/gcc/arm-none-eabi/4.8.4/armv6-m\libgcc.a(fixsfsi.o)
                                                  src/debug_serial.o
__aeabi_fmul                                      c:/program files (x86)/atmel/atmel toolchain/arm gcc/native/4.8.1443/arm-gnu-toolchain/bin/../lib/gcc/arm-none-eabi/4.8.4/armv6-m\libgcc.a(mulsf3.o)
                                                  src/debug_serial.o
__aeabi_idiv                                      c:/program files (x86)/atmel/atmel toolchain/arm gcc/native/4.8.1443/arm-gnu-toolchain/bin/../lib/gcc/arm-none-eabi/4.8.4/armv6-m\libgcc.a(_divsi3.o)
                                                  c:/program files (x86)/atmel/atmel toolchain/arm gcc/native/4.8.1443/arm-gnu-toolchain/bin/../lib/gcc/arm-none-eabi/4.8.4/../../../../arm-none-eabi/lib/armv6-m\libc_s.a(lib_a-fvwrite.o)
__aeabi_idiv0                                     c:/program files (x86)/atmel/atmel toolchain/arm gcc/native/4.8.1443/arm-gnu-toolchain/bin/../lib/gcc/arm-none-eabi/4.8.4/armv6-m\libgcc.a(_dvmd_tls.o)
                                                  c:/program files (x86)/atmel/atmel toolchain/arm gcc/native/4.8.1443/arm-gnu-toolchain/bin/../lib/gcc/arm-none-eabi/4.8.4/armv6-m\libgcc.a(_divsi3.o)
                                                  c:/program files (x86)/atmel/atmel toolchain/arm gcc/native/4.8.1443/arm-gnu-toolchain/bin/../lib/gcc/arm-none-eabi/4.8.4/armv6-m\libgcc.a(_udivsi3.o)
__aeabi_idivmod                                   c:/program files (x86)/atmel/atmel toolchain/arm gcc/native/4.8.1443/arm-gnu-toolchain/bin/../lib/gcc/arm-none-eabi/4.8.4/armv6-m\libgcc.a(_divsi3.o)
__aeabi_ldiv0                                     c:/program files (x86)/atmel/atmel toolchain/arm gcc/native/4.8.1443/arm-gnu-toolchain/bin/../lib/gcc/arm-none-eabi/4.8.4/armv6-m\libgcc.a(_dvmd_tls.o)
__aeabi_lmul                                      c:/program files (x86)/atmel/atmel toolchain/arm gcc/native/4.8.1443/arm-gnu-toolchain/bin/../lib/gcc/arm-none-eabi/4.8.4/armv6-m\libgcc.a(_muldi3.o)
                                                  src/ASF/sam0/drivers/sercom/sercom.o
__aeabi_uidiv                                     c:/program files (x86)/atmel/atmel toolchain/arm gcc/native/4.8.1443/arm-gnu-toolchain/bin/../lib/gcc/arm-none-eabi/4.8.4/armv6-m\libgcc.a(_udivsi3.o)
                                                  c:/program files (x86)/atmel/atmel toolchain/arm gcc/native/4.8.1443/arm-gnu-toolchain/bin/../lib/gcc/arm-none-eabi/4.8.4/../../../../arm-none-eabi/lib/armv6-m\libc_s.a(lib_a-vfprintf_i.o)
                                                  src/ASF/sam0/drivers/system/clock/clock_samd21_r21/gclk.o
                                                  src/ASF/sam0/drivers/system/clock/clock_samd21_r21/clock.o
                                                  src/itoa.o
                                                  src/ASF/common2/services/delay/sam0/systick_counter.o
__aeabi_uidivmod                                  c:/program files (x86)/atmel/atmel toolchain/arm gcc/native/4.8.1443/arm-gnu-toolchain/bin/../lib/gcc/arm-none-eabi/4.8.4/armv6-m\libgcc.a(_udivsi3.o)
                                                  c:/program files (x86)/atmel/atmel toolchain/arm gcc/native/4.8.1443/arm-gnu-toolchain/bin/../lib/gcc/arm-none-eabi/4.8.4/../../../../arm-none-eabi/lib/armv6-m\libc_s.a(lib_a-vfprintf_i.o)
                                                  src/itoa.o
__bss_end__                                       c:/program files (x86)/atmel/atmel toolchain/arm gcc/native/4.8.1443/arm-gnu-toolchain/bin/../lib/gcc/arm-none-eabi/4.8.4/../../../../arm-none-eabi/lib/armv6-m/crt0.o
__bss_start__                                     c:/program files (x86)/atmel/atmel toolchain/arm gcc/native/4.8.1443/arm-gnu-toolchain/bin/../lib/gcc/arm-none-eabi/4.8.4/../../../../arm-none-eabi/lib/armv6-m/crt0.o
__call_exitprocs                                  c:/program files (x86)/atmel/atmel toolchain/arm gcc/native/4.8.1443/arm-gnu-toolchain/bin/../lib/gcc/arm-none-eabi/4.8.4/../../../../arm-none-eabi/lib/armv6-m\libc_s.a(lib_a-exit.o)
__clzsi2                                          c:/program files (x86)/atmel/atmel toolchain/arm gcc/native/4.8.1443/arm-gnu-toolchain/bin/../lib/gcc/arm-none-eabi/4.8.4/armv6-m\libgcc.a(_clzsi2.o)
                                                  c:/program files (x86)/atmel/atmel toolchain/arm gcc/native/4.8.1443/arm-gnu-toolchain/bin/../lib/gcc/arm-none-eabi/4.8.4/armv6-m\libgcc.a(mulsf3.o)
__deregister_frame_info                           c:/program files (x86)/atmel/atmel toolchain/arm gcc/native/4.8.1443/arm-gnu-toolchain/bin/../lib/gcc/arm-none-eabi/4.8.4/armv6-m/crtbegin.o
__divsi3                                          c:/program files (x86)/atmel/atmel toolchain/arm gcc/native/4.8.1443/arm-gnu-toolchain/bin/../lib/gcc/arm-none-eabi/4.8.4/armv6-m\libgcc.a(_divsi3.o)
__dso_handle                                      c:/program files (x86)/atmel/atmel toolchain/arm gcc/native/4.8.1443/arm-gnu-toolchain/bin/../lib/gcc/arm-none-eabi/4.8.4/armv6-m/crtbegin.o
__fp_lock_all                                     c:/program files (x86)/atmel/atmel toolchain/arm gcc/native/4.8.1443/arm-gnu-toolchain/bin/../lib/gcc/arm-none-eabi/4.8.4/../../../../arm-none-eabi/lib/armv6-m\libc_s.a(lib_a-findfp.o)
__fp_unlock_all                                   c:/program files (x86)/atmel/atmel toolchain/arm gcc/native/4.8.1443/arm-gnu-toolchain/bin/../lib/gcc/arm-none-eabi/4.8.4/../../../../arm-none-eabi/lib/armv6-m\libc_s.a(lib_a-findfp.o)
__init_array_end                                  c:/program files (x86)/atmel/atmel toolchain/arm gcc/native/4.8.1443/arm-gnu-toolchain/bin/../lib/gcc/arm-none-eabi/4.8.4/../../../../arm-none-eabi/lib/armv6-m\libc_s.a(lib_a-init.o)
__init_array_start                                c:/program files (x86)/atmel/atmel toolchain/arm gcc/native/4.8.1443/arm-gnu-toolchain/bin/../lib/gcc/arm-none-eabi/4.8.4/../../../../arm-none-eabi/lib/armv6-m\libc_s.a(lib_a-init.o)
__libc_fini_array                                 c:/program files (x86)/atmel/atmel toolchain/arm gcc/native/4.8.1443/arm-gnu-toolchain/bin/../lib/gcc/arm-none-eabi/4.8.4/../../../../arm-none-eabi/lib/armv6-m/crt0.o
__libc_init_array                                 c:/program files (x86)/atmel/atmel toolchain/arm gcc/native/4.8.1443/arm-gnu-toolchain/bin/../lib/gcc/arm-none-eabi/4.8.4/../../../../arm-none-eabi/lib/armv6-m\libc_s.a(lib_a-init.o)
                                                  src/ASF/sam0/utils/cmsis/samd21/source/gcc/startup_samd21.o
                                                  c:/program files (x86)/atmel/atmel toolchain/arm gcc/native/4.8.1443/arm-gnu-toolchain/bin/../lib/gcc/arm-none-eabi/4.8.4/../../../../arm-none-eabi/lib/armv6-m/crt0.o
__malloc_free_list                                c:/program files (x86)/atmel/atmel toolchain/arm gcc/native/4.8.1443/arm-gnu-toolchain/bin/../lib/gcc/arm-none-eabi/4.8.4/../../../../arm-none-eabi/lib/armv6-m\libc_s.a(lib_a-nano-mallocr.o)
                                                  c:/program files (x86)/atmel/atmel toolchain/arm gcc/native/4.8.1443/arm-gnu-toolchain/bin/../lib/gcc/arm-none-eabi/4.8.4/../../../../arm-none-eabi/lib/armv6-m\libc_s.a(lib_a-nano-freer.o)
__malloc_sbrk_start                               c:/program files (x86)/atmel/atmel toolchain/arm gcc/native/4.8.1443/arm-gnu-toolchain/bin/../lib/gcc/arm-none-eabi/4.8.4/../../../../arm-none-eabi/lib/armv6-m\libc_s.a(lib_a-nano-mallocr.o)
__muldi3                                          c:/program files (x86)/atmel/atmel toolchain/arm gcc/native/4.8.1443/arm-gnu-toolchain/bin/../lib/gcc/arm-none-eabi/4.8.4/armv6-m\libgcc.a(_muldi3.o)
__preinit_array_end                               c:/program files (x86)/atmel/atmel toolchain/arm gcc/native/4.8.1443/arm-gnu-toolchain/bin/../lib/gcc/arm-none-eabi/4.8.4/../../../../arm-none-eabi/lib/armv6-m\libc_s.a(lib_a-init.o)
__preinit_array_start                             c:/program files (x86)/atmel/atmel toolchain/arm gcc/native/4.8.1443/arm-gnu-toolchain/bin/../lib/gcc/arm-none-eabi/4.8.4/../../../../arm-none-eabi/lib/armv6-m\libc_s.a(lib_a-init.o)
__register_frame_info                             c:/program files (x86)/atmel/atmel toolchain/arm gcc/native/4.8.1443/arm-gnu-toolchain/bin/../lib/gcc/arm-none-eabi/4.8.4/armv6-m/crtbegin.o
__sclose                                          c:/program files (x86)/atmel/atmel toolchain/arm gcc/native/4.8.1443/arm-gnu-toolchain/bin/../lib/gcc/arm-none-eabi/4.8.4/../../../../arm-none-eabi/lib/armv6-m\libc_s.a(lib_a-stdio.o)
                                                  c:/program files (x86)/atmel/atmel toolchain/arm gcc/native/4.8.1443/arm-gnu-toolchain/bin/../lib/gcc/arm-none-eabi/4.8.4/../../../../arm-none-eabi/lib/armv6-m\libc_s.a(lib_a-findfp.o)
__seofread                                        c:/program files (x86)/atmel/atmel toolchain/arm gcc/native/4.8.1443/arm-gnu-toolchain/bin/../lib/gcc/arm-none-eabi/4.8.4/../../../../arm-none-eabi/lib/armv6-m\libc_s.a(lib_a-stdio.o)
__sf_fake_stderr                                  c:/program files (x86)/atmel/atmel toolchain/arm gcc/native/4.8.1443/arm-gnu-toolchain/bin/../lib/gcc/arm-none-eabi/4.8.4/../../../../arm-none-eabi/lib/armv6-m\libc_s.a(lib_a-findfp.o)
                                                  c:/program files (x86)/atmel/atmel toolchain/arm gcc/native/4.8.1443/arm-gnu-toolchain/bin/../lib/gcc/arm-none-eabi/4.8.4/../../../../arm-none-eabi/lib/armv6-m\libc_s.a(lib_a-fflush.o)
                                                  c:/program files (x86)/atmel/atmel toolchain/arm gcc/native/4.8.1443/arm-gnu-toolchain/bin/../lib/gcc/arm-none-eabi/4.8.4/../../../../arm-none-eabi/lib/armv6-m\libc_s.a(lib_a-wsetup.o)
                                                  c:/program files (x86)/atmel/atmel toolchain/arm gcc/native/4.8.1443/arm-gnu-toolchain/bin/../lib/gcc/arm-none-eabi/4.8.4/../../../../arm-none-eabi/lib/armv6-m\libc_s.a(lib_a-wbuf.o)
                                                  c:/program files (x86)/atmel/atmel toolchain/arm gcc/native/4.8.1443/arm-gnu-toolchain/bin/../lib/gcc/arm-none-eabi/4.8.4/../../../../arm-none-eabi/lib/armv6-m\libc_s.a(lib_a-vfprintf.o)
                                                  c:/program files (x86)/atmel/atmel toolchain/arm gcc/native/4.8.1443/arm-gnu-toolchain/bin/../lib/gcc/arm-none-eabi/4.8.4/../../../../arm-none-eabi/lib/armv6-m\libc_s.a(lib_a-impure.o)
__sf_fake_stdin                                   c:/program files (x86)/atmel/atmel toolchain/arm gcc/native/4.8.1443/arm-gnu-toolchain/bin/../lib/gcc/arm-none-eabi/4.8.4/../../../../arm-none-eabi/lib/armv6-m\libc_s.a(lib_a-findfp.o)
                                                  c:/program files (x86)/atmel/atmel toolchain/arm gcc/native/4.8.1443/arm-gnu-toolchain/bin/../lib/gcc/arm-none-eabi/4.8.4/../../../../arm-none-eabi/lib/armv6-m\libc_s.a(lib_a-fflush.o)
                                                  c:/program files (x86)/atmel/atmel toolchain/arm gcc/native/4.8.1443/arm-gnu-toolchain/bin/../lib/gcc/arm-none-eabi/4.8.4/../../../../arm-none-eabi/lib/armv6-m\libc_s.a(lib_a-wsetup.o)
                                                  c:/program files (x86)/atmel/atmel toolchain/arm gcc/native/4.8.1443/arm-gnu-toolchain/bin/../lib/gcc/arm-none-eabi/4.8.4/../../../../arm-none-eabi/lib/armv6-m\libc_s.a(lib_a-wbuf.o)
                                                  c:/program files (x86)/atmel/atmel toolchain/arm gcc/native/4.8.1443/arm-gnu-toolchain/bin/../lib/gcc/arm-none-eabi/4.8.4/../../../../arm-none-eabi/lib/armv6-m\libc_s.a(lib_a-vfprintf.o)
                                                  c:/program files (x86)/atmel/atmel toolchain/arm gcc/native/4.8.1443/arm-gnu-toolchain/bin/../lib/gcc/arm-none-eabi/4.8.4/../../../../arm-none-eabi/lib/armv6-m\libc_s.a(lib_a-impure.o)
__sf_fake_stdout                                  c:/program files (x86)/atmel/atmel toolchain/arm gcc/native/4.8.1443/arm-gnu-toolchain/bin/../lib/gcc/arm-none-eabi/4.8.4/../../../../arm-none-eabi/lib/armv6-m\libc_s.a(lib_a-findfp.o)
                                                  c:/program files (x86)/atmel/atmel toolchain/arm gcc/native/4.8.1443/arm-gnu-toolchain/bin/../lib/gcc/arm-none-eabi/4.8.4/../../../../arm-none-eabi/lib/armv6-m\libc_s.a(lib_a-fflush.o)
                                                  c:/program files (x86)/atmel/atmel toolchain/arm gcc/native/4.8.1443/arm-gnu-toolchain/bin/../lib/gcc/arm-none-eabi/4.8.4/../../../../arm-none-eabi/lib/armv6-m\libc_s.a(lib_a-wsetup.o)
                                                  c:/program files (x86)/atmel/atmel toolchain/arm gcc/native/4.8.1443/arm-gnu-toolchain/bin/../lib/gcc/arm-none-eabi/4.8.4/../../../../arm-none-eabi/lib/armv6-m\libc_s.a(lib_a-wbuf.o)
                                                  c:/program files (x86)/atmel/atmel toolchain/arm gcc/native/4.8.1443/arm-gnu-toolchain/bin/../lib/gcc/arm-none-eabi/4.8.4/../../../../arm-none-eabi/lib/armv6-m\libc_s.a(lib_a-vfprintf.o)
                                                  c:/program files (x86)/atmel/atmel toolchain/arm gcc/native/4.8.1443/arm-gnu-toolchain/bin/../lib/gcc/arm-none-eabi/4.8.4/../../../../arm-none-eabi/lib/armv6-m\libc_s.a(lib_a-impure.o)
__sflush_r                                        c:/program files (x86)/atmel/atmel toolchain/arm gcc/native/4.8.1443/arm-gnu-toolchain/bin/../lib/gcc/arm-none-eabi/4.8.4/../../../../arm-none-eabi/lib/armv6-m\libc_s.a(lib_a-fflush.o)
__sfmoreglue                                      c:/program files (x86)/atmel/atmel toolchain/arm gcc/native/4.8.1443/arm-gnu-toolchain/bin/../lib/gcc/arm-none-eabi/4.8.4/../../../../arm-none-eabi/lib/armv6-m\libc_s.a(lib_a-findfp.o)
__sfp                                             c:/program files (x86)/atmel/atmel toolchain/arm gcc/native/4.8.1443/arm-gnu-toolchain/bin/../lib/gcc/arm-none-eabi/4.8.4/../../../../arm-none-eabi/lib/armv6-m\libc_s.a(lib_a-findfp.o)
__sfp_lock_acquire                                c:/program files (x86)/atmel/atmel toolchain/arm gcc/native/4.8.1443/arm-gnu-toolchain/bin/../lib/gcc/arm-none-eabi/4.8.4/../../../../arm-none-eabi/lib/armv6-m\libc_s.a(lib_a-findfp.o)
__sfp_lock_release                                c:/program files (x86)/atmel/atmel toolchain/arm gcc/native/4.8.1443/arm-gnu-toolchain/bin/../lib/gcc/arm-none-eabi/4.8.4/../../../../arm-none-eabi/lib/armv6-m\libc_s.a(lib_a-findfp.o)
__sfputs_r                                        c:/program files (x86)/atmel/atmel toolchain/arm gcc/native/4.8.1443/arm-gnu-toolchain/bin/../lib/gcc/arm-none-eabi/4.8.4/../../../../arm-none-eabi/lib/armv6-m\libc_s.a(lib_a-vfprintf.o)
__sfvwrite_r                                      c:/program files (x86)/atmel/atmel toolchain/arm gcc/native/4.8.1443/arm-gnu-toolchain/bin/../lib/gcc/arm-none-eabi/4.8.4/../../../../arm-none-eabi/lib/armv6-m\libc_s.a(lib_a-fvwrite.o)
                                                  c:/program files (x86)/atmel/atmel toolchain/arm gcc/native/4.8.1443/arm-gnu-toolchain/bin/../lib/gcc/arm-none-eabi/4.8.4/../../../../arm-none-eabi/lib/armv6-m\libc_s.a(lib_a-vfprintf.o)
__sinit                                           c:/program files (x86)/atmel/atmel toolchain/arm gcc/native/4.8.1443/arm-gnu-toolchain/bin/../lib/gcc/arm-none-eabi/4.8.4/../../../../arm-none-eabi/lib/armv6-m\libc_s.a(lib_a-findfp.o)
                                                  c:/program files (x86)/atmel/atmel toolchain/arm gcc/native/4.8.1443/arm-gnu-toolchain/bin/../lib/gcc/arm-none-eabi/4.8.4/../../../../arm-none-eabi/lib/armv6-m\libc_s.a(lib_a-fflush.o)
                                                  c:/program files (x86)/atmel/atmel toolchain/arm gcc/native/4.8.1443/arm-gnu-toolchain/bin/../lib/gcc/arm-none-eabi/4.8.4/../../../../arm-none-eabi/lib/armv6-m\libc_s.a(lib_a-wsetup.o)
                                                  c:/program files (x86)/atmel/atmel toolchain/arm gcc/native/4.8.1443/arm-gnu-toolchain/bin/../lib/gcc/arm-none-eabi/4.8.4/../../../../arm-none-eabi/lib/armv6-m\libc_s.a(lib_a-wbuf.o)
                                                  c:/program files (x86)/atmel/atmel toolchain/arm gcc/native/4.8.1443/arm-gnu-toolchain/bin/../lib/gcc/arm-none-eabi/4.8.4/../../../../arm-none-eabi/lib/armv6-m\libc_s.a(lib_a-vfprintf.o)
                                                  c:/program files (x86)/atmel/atmel toolchain/arm gcc/native/4.8.1443/arm-gnu-toolchain/bin/../lib/gcc/arm-none-eabi/4.8.4/../../../../arm-none-eabi/lib/armv6-m\libc_s.a(lib_a-printf.o)
__sinit_lock_acquire                              c:/program files (x86)/atmel/atmel toolchain/arm gcc/native/4.8.1443/arm-gnu-toolchain/bin/../lib/gcc/arm-none-eabi/4.8.4/../../../../arm-none-eabi/lib/armv6-m\libc_s.a(lib_a-findfp.o)
__sinit_lock_release                              c:/program files (x86)/atmel/atmel toolchain/arm gcc/native/4.8.1443/arm-gnu-toolchain/bin/../lib/gcc/arm-none-eabi/4.8.4/../../../../arm-none-eabi/lib/armv6-m\libc_s.a(lib_a-findfp.o)
__smakebuf_r                                      c:/program files (x86)/atmel/atmel toolchain/arm gcc/native/4.8.1443/arm-gnu-toolchain/bin/../lib/gcc/arm-none-eabi/4.8.4/../../../../arm-none-eabi/lib/armv6-m\libc_s.a(lib_a-makebuf.o)
                                                  c:/program files (x86)/atmel/atmel toolchain/arm gcc/native/4.8.1443/arm-gnu-toolchain/bin/../lib/gcc/arm-none-eabi/4.8.4/../../../../arm-none-eabi/lib/armv6-m\libc_s.a(lib_a-wsetup.o)
__sprint_r                                        c:/program files (x86)/atmel/atmel toolchain/arm gcc/native/4.8.1443/arm-gnu-toolchain/bin/../lib/gcc/arm-none-eabi/4.8.4/../../../../arm-none-eabi/lib/armv6-m\libc_s.a(lib_a-vfprintf.o)
__sread                                           c:/program files (x86)/atmel/atmel toolchain/arm gcc/native/4.8.1443/arm-gnu-toolchain/bin/../lib/gcc/arm-none-eabi/4.8.4/../../../../arm-none-eabi/lib/armv6-m\libc_s.a(lib_a-stdio.o)
                                                  c:/program files (x86)/atmel/atmel toolchain/arm gcc/native/4.8.1443/arm-gnu-toolchain/bin/../lib/gcc/arm-none-eabi/4.8.4/../../../../arm-none-eabi/lib/armv6-m\libc_s.a(lib_a-findfp.o)
__sseek                                           c:/program files (x86)/atmel/atmel toolchain/arm gcc/native/4.8.1443/arm-gnu-toolchain/bin/../lib/gcc/arm-none-eabi/4.8.4/../../../../arm-none-eabi/lib/armv6-m\libc_s.a(lib_a-stdio.o)
                                                  c:/program files (x86)/atmel/atmel toolchain/arm gcc/native/4.8.1443/arm-gnu-toolchain/bin/../lib/gcc/arm-none-eabi/4.8.4/../../../../arm-none-eabi/lib/armv6-m\libc_s.a(lib_a-findfp.o)
__stack                                           c:/program files (x86)/atmel/atmel toolchain/arm gcc/native/4.8.1443/arm-gnu-toolchain/bin/../lib/gcc/arm-none-eabi/4.8.4/../../../../arm-none-eabi/lib/armv6-m/crt0.o
__swbuf                                           c:/program files (x86)/atmel/atmel toolchain/arm gcc/native/4.8.1443/arm-gnu-toolchain/bin/../lib/gcc/arm-none-eabi/4.8.4/../../../../arm-none-eabi/lib/armv6-m\libc_s.a(lib_a-wbuf.o)
__swbuf_r                                         c:/program files (x86)/atmel/atmel toolchain/arm gcc/native/4.8.1443/arm-gnu-toolchain/bin/../lib/gcc/arm-none-eabi/4.8.4/../../../../arm-none-eabi/lib/armv6-m\libc_s.a(lib_a-wbuf.o)
                                                  c:/program files (x86)/atmel/atmel toolchain/arm gcc/native/4.8.1443/arm-gnu-toolchain/bin/../lib/gcc/arm-none-eabi/4.8.4/../../../../arm-none-eabi/lib/armv6-m\libc_s.a(lib_a-vfprintf.o)
__swrite                                          c:/program files (x86)/atmel/atmel toolchain/arm gcc/native/4.8.1443/arm-gnu-toolchain/bin/../lib/gcc/arm-none-eabi/4.8.4/../../../../arm-none-eabi/lib/armv6-m\libc_s.a(lib_a-stdio.o)
                                                  c:/program files (x86)/atmel/atmel toolchain/arm gcc/native/4.8.1443/arm-gnu-toolchain/bin/../lib/gcc/arm-none-eabi/4.8.4/../../../../arm-none-eabi/lib/armv6-m\libc_s.a(lib_a-findfp.o)
__swsetup_r                                       c:/program files (x86)/atmel/atmel toolchain/arm gcc/native/4.8.1443/arm-gnu-toolchain/bin/../lib/gcc/arm-none-eabi/4.8.4/../../../../arm-none-eabi/lib/armv6-m\libc_s.a(lib_a-wsetup.o)
                                                  c:/program files (x86)/atmel/atmel toolchain/arm gcc/native/4.8.1443/arm-gnu-toolchain/bin/../lib/gcc/arm-none-eabi/4.8.4/../../../../arm-none-eabi/lib/armv6-m\libc_s.a(lib_a-fvwrite.o)
                                                  c:/program files (x86)/atmel/atmel toolchain/arm gcc/native/4.8.1443/arm-gnu-toolchain/bin/../lib/gcc/arm-none-eabi/4.8.4/../../../../arm-none-eabi/lib/armv6-m\libc_s.a(lib_a-wbuf.o)
                                                  c:/program files (x86)/atmel/atmel toolchain/arm gcc/native/4.8.1443/arm-gnu-toolchain/bin/../lib/gcc/arm-none-eabi/4.8.4/../../../../arm-none-eabi/lib/armv6-m\libc_s.a(lib_a-vfprintf.o)
__udivsi3                                         c:/program files (x86)/atmel/atmel toolchain/arm gcc/native/4.8.1443/arm-gnu-toolchain/bin/../lib/gcc/arm-none-eabi/4.8.4/armv6-m\libgcc.a(_udivsi3.o)
_cleanup                                          c:/program files (x86)/atmel/atmel toolchain/arm gcc/native/4.8.1443/arm-gnu-toolchain/bin/../lib/gcc/arm-none-eabi/4.8.4/../../../../arm-none-eabi/lib/armv6-m\libc_s.a(lib_a-findfp.o)
_cleanup_r                                        c:/program files (x86)/atmel/atmel toolchain/arm gcc/native/4.8.1443/arm-gnu-toolchain/bin/../lib/gcc/arm-none-eabi/4.8.4/../../../../arm-none-eabi/lib/armv6-m\libc_s.a(lib_a-findfp.o)
                                                  c:/program files (x86)/atmel/atmel toolchain/arm gcc/native/4.8.1443/arm-gnu-toolchain/bin/../lib/gcc/arm-none-eabi/4.8.4/../../../../arm-none-eabi/lib/armv6-m\libc_s.a(lib_a-makebuf.o)
_close                                            src/ASF/sam0/utils/syscalls/gcc/syscalls.o
                                                  c:/program files (x86)/atmel/atmel toolchain/arm gcc/native/4.8.1443/arm-gnu-toolchain/bin/../lib/gcc/arm-none-eabi/4.8.4/../../../../arm-none-eabi/lib/armv6-m\libc_s.a(lib_a-closer.o)
_close_r                                          c:/program files (x86)/atmel/atmel toolchain/arm gcc/native/4.8.1443/arm-gnu-toolchain/bin/../lib/gcc/arm-none-eabi/4.8.4/../../../../arm-none-eabi/lib/armv6-m\libc_s.a(lib_a-closer.o)
                                                  c:/program files (x86)/atmel/atmel toolchain/arm gcc/native/4.8.1443/arm-gnu-toolchain/bin/../lib/gcc/arm-none-eabi/4.8.4/../../../../arm-none-eabi/lib/armv6-m\libc_s.a(lib_a-stdio.o)
_end                                              src/ASF/sam0/utils/syscalls/gcc/syscalls.o
_erelocate                                        src/ASF/sam0/utils/cmsis/samd21/source/gcc/startup_samd21.o
_estack                                           src/ASF/sam0/utils/cmsis/samd21/source/gcc/startup_samd21.o
_etext                                            src/ASF/sam0/utils/cmsis/samd21/source/gcc/startup_samd21.o
_exit                                             src/ASF/sam0/utils/syscalls/gcc/syscalls.o
                                                  c:/program files (x86)/atmel/atmel toolchain/arm gcc/native/4.8.1443/arm-gnu-toolchain/bin/../lib/gcc/arm-none-eabi/4.8.4/../../../../arm-none-eabi/lib/armv6-m\libc_s.a(lib_a-exit.o)
_ezero                                            src/ASF/sam0/utils/cmsis/samd21/source/gcc/startup_samd21.o
_fflush_r                                         c:/program files (x86)/atmel/atmel toolchain/arm gcc/native/4.8.1443/arm-gnu-toolchain/bin/../lib/gcc/arm-none-eabi/4.8.4/../../../../arm-none-eabi/lib/armv6-m\libc_s.a(lib_a-fflush.o)
                                                  c:/program files (x86)/atmel/atmel toolchain/arm gcc/native/4.8.1443/arm-gnu-toolchain/bin/../lib/gcc/arm-none-eabi/4.8.4/../../../../arm-none-eabi/lib/armv6-m\libc_s.a(lib_a-fvwrite.o)
                                                  c:/program files (x86)/atmel/atmel toolchain/arm gcc/native/4.8.1443/arm-gnu-toolchain/bin/../lib/gcc/arm-none-eabi/4.8.4/../../../../arm-none-eabi/lib/armv6-m\libc_s.a(lib_a-findfp.o)
                                                  c:/program files (x86)/atmel/atmel toolchain/arm gcc/native/4.8.1443/arm-gnu-toolchain/bin/../lib/gcc/arm-none-eabi/4.8.4/../../../../arm-none-eabi/lib/armv6-m\libc_s.a(lib_a-wbuf.o)
_fini                                             c:/program files (x86)/atmel/atmel toolchain/arm gcc/native/4.8.1443/arm-gnu-toolchain/bin/../lib/gcc/arm-none-eabi/4.8.4/armv6-m/crti.o
_free_r                                           c:/program files (x86)/atmel/atmel toolchain/arm gcc/native/4.8.1443/arm-gnu-toolchain/bin/../lib/gcc/arm-none-eabi/4.8.4/../../../../arm-none-eabi/lib/armv6-m\libc_s.a(lib_a-nano-freer.o)
                                                  c:/program files (x86)/atmel/atmel toolchain/arm gcc/native/4.8.1443/arm-gnu-toolchain/bin/../lib/gcc/arm-none-eabi/4.8.4/../../../../arm-none-eabi/lib/armv6-m\libc_s.a(lib_a-reent.o)
                                                  c:/program files (x86)/atmel/atmel toolchain/arm gcc/native/4.8.1443/arm-gnu-toolchain/bin/../lib/gcc/arm-none-eabi/4.8.4/../../../../arm-none-eabi/lib/armv6-m\libc_s.a(lib_a-nano-reallocr.o)
                                                  c:/program files (x86)/atmel/atmel toolchain/arm gcc/native/4.8.1443/arm-gnu-toolchain/bin/../lib/gcc/arm-none-eabi/4.8.4/../../../../arm-none-eabi/lib/armv6-m\libc_s.a(lib_a-fvwrite.o)
                                                  c:/program files (x86)/atmel/atmel toolchain/arm gcc/native/4.8.1443/arm-gnu-toolchain/bin/../lib/gcc/arm-none-eabi/4.8.4/../../../../arm-none-eabi/lib/armv6-m\libc_s.a(lib_a-fflush.o)
                                                  c:/program files (x86)/atmel/atmel toolchain/arm gcc/native/4.8.1443/arm-gnu-toolchain/bin/../lib/gcc/arm-none-eabi/4.8.4/../../../../arm-none-eabi/lib/armv6-m\libc_s.a(lib_a-wsetup.o)
_fstat                                            src/ASF/sam0/utils/syscalls/gcc/syscalls.o
                                                  c:/program files (x86)/atmel/atmel toolchain/arm gcc/native/4.8.1443/arm-gnu-toolchain/bin/../lib/gcc/arm-none-eabi/4.8.4/../../../../arm-none-eabi/lib/armv6-m\libc_s.a(lib_a-fstatr.o)
_fstat_r                                          c:/program files (x86)/atmel/atmel toolchain/arm gcc/native/4.8.1443/arm-gnu-toolchain/bin/../lib/gcc/arm-none-eabi/4.8.4/../../../../arm-none-eabi/lib/armv6-m\libc_s.a(lib_a-fstatr.o)
                                                  c:/program files (x86)/atmel/atmel toolchain/arm gcc/native/4.8.1443/arm-gnu-toolchain/bin/../lib/gcc/arm-none-eabi/4.8.4/../../../../arm-none-eabi/lib/armv6-m\libc_s.a(lib_a-makebuf.o)
_fwalk                                            c:/program files (x86)/atmel/atmel toolchain/arm gcc/native/4.8.1443/arm-gnu-toolchain/bin/../lib/gcc/arm-none-eabi/4.8.4/../../../../arm-none-eabi/lib/armv6-m\libc_s.a(lib_a-fwalk.o)
                                                  c:/program files (x86)/atmel/atmel toolchain/arm gcc/native/4.8.1443/arm-gnu-toolchain/bin/../lib/gcc/arm-none-eabi/4.8.4/../../../../arm-none-eabi/lib/armv6-m\libc_s.a(lib_a-findfp.o)
_fwalk_reent                                      c:/program files (x86)/atmel/atmel toolchain/arm gcc/native/4.8.1443/arm-gnu-toolchain/bin/../lib/gcc/arm-none-eabi/4.8.4/../../../../arm-none-eabi/lib/armv6-m\libc_s.a(lib_a-fwalk.o)
                                                  c:/program files (x86)/atmel/atmel toolchain/arm gcc/native/4.8.1443/arm-gnu-toolchain/bin/../lib/gcc/arm-none-eabi/4.8.4/../../../../arm-none-eabi/lib/armv6-m\libc_s.a(lib_a-fflush.o)
_getpid                                           src/ASF/sam0/utils/syscalls/gcc/syscalls.o
_global_impure_ptr                                c:/program files (x86)/atmel/atmel toolchain/arm gcc/native/4.8.1443/arm-gnu-toolchain/bin/../lib/gcc/arm-none-eabi/4.8.4/../../../../arm-none-eabi/lib/armv6-m\libc_s.a(lib_a-impure.o)
                                                  c:/program files (x86)/atmel/atmel toolchain/arm gcc/native/4.8.1443/arm-gnu-toolchain/bin/../lib/gcc/arm-none-eabi/4.8.4/../../../../arm-none-eabi/lib/armv6-m\libc_s.a(lib_a-findfp.o)
                                                  c:/program files (x86)/atmel/atmel toolchain/arm gcc/native/4.8.1443/arm-gnu-toolchain/bin/../lib/gcc/arm-none-eabi/4.8.4/../../../../arm-none-eabi/lib/armv6-m\libc_s.a(lib_a-fflush.o)
                                                  c:/program files (x86)/atmel/atmel toolchain/arm gcc/native/4.8.1443/arm-gnu-toolchain/bin/../lib/gcc/arm-none-eabi/4.8.4/../../../../arm-none-eabi/lib/armv6-m\libc_s.a(lib_a-exit.o)
_impure_ptr                                       c:/program files (x86)/atmel/atmel toolchain/arm gcc/native/4.8.1443/arm-gnu-toolchain/bin/../lib/gcc/arm-none-eabi/4.8.4/../../../../arm-none-eabi/lib/armv6-m\libc_s.a(lib_a-impure.o)
                                                  c:/program files (x86)/atmel/atmel toolchain/arm gcc/native/4.8.1443/arm-gnu-toolchain/bin/../lib/gcc/arm-none-eabi/4.8.4/../../../../arm-none-eabi/lib/armv6-m\libc_s.a(lib_a-reent.o)
                                                  c:/program files (x86)/atmel/atmel toolchain/arm gcc/native/4.8.1443/arm-gnu-toolchain/bin/../lib/gcc/arm-none-eabi/4.8.4/../../../../arm-none-eabi/lib/armv6-m\libc_s.a(lib_a-findfp.o)
                                                  c:/program files (x86)/atmel/atmel toolchain/arm gcc/native/4.8.1443/arm-gnu-toolchain/bin/../lib/gcc/arm-none-eabi/4.8.4/../../../../arm-none-eabi/lib/armv6-m\libc_s.a(lib_a-fflush.o)
                                                  c:/program files (x86)/atmel/atmel toolchain/arm gcc/native/4.8.1443/arm-gnu-toolchain/bin/../lib/gcc/arm-none-eabi/4.8.4/../../../../arm-none-eabi/lib/armv6-m\libc_s.a(lib_a-wsetup.o)
                                                  c:/program files (x86)/atmel/atmel toolchain/arm gcc/native/4.8.1443/arm-gnu-toolchain/bin/../lib/gcc/arm-none-eabi/4.8.4/../../../../arm-none-eabi/lib/armv6-m\libc_s.a(lib_a-wbuf.o)
                                                  c:/program files (x86)/atmel/atmel toolchain/arm gcc/native/4.8.1443/arm-gnu-toolchain/bin/../lib/gcc/arm-none-eabi/4.8.4/../../../../arm-none-eabi/lib/armv6-m\libc_s.a(lib_a-vfprintf.o)
                                                  c:/program files (x86)/atmel/atmel toolchain/arm gcc/native/4.8.1443/arm-gnu-toolchain/bin/../lib/gcc/arm-none-eabi/4.8.4/../../../../arm-none-eabi/lib/armv6-m\libc_s.a(lib_a-printf.o)
_init                                             c:/program files (x86)/atmel/atmel toolchain/arm gcc/native/4.8.1443/arm-gnu-toolchain/bin/../lib/gcc/arm-none-eabi/4.8.4/armv6-m/crti.o
                                                  c:/program files (x86)/atmel/atmel toolchain/arm gcc/native/4.8.1443/arm-gnu-toolchain/bin/../lib/gcc/arm-none-eabi/4.8.4/../../../../arm-none-eabi/lib/armv6-m\libc_s.a(lib_a-init.o)
_iprintf_r                                        c:/program files (x86)/atmel/atmel toolchain/arm gcc/native/4.8.1443/arm-gnu-toolchain/bin/../lib/gcc/arm-none-eabi/4.8.4/../../../../arm-none-eabi/lib/armv6-m\libc_s.a(lib_a-printf.o)
_isatty                                           src/ASF/sam0/utils/syscalls/gcc/syscalls.o
                                                  c:/program files (x86)/atmel/atmel toolchain/arm gcc/native/4.8.1443/arm-gnu-toolchain/bin/../lib/gcc/arm-none-eabi/4.8.4/../../../../arm-none-eabi/lib/armv6-m\libc_s.a(lib_a-isattyr.o)
_isatty_r                                         c:/program files (x86)/atmel/atmel toolchain/arm gcc/native/4.8.1443/arm-gnu-toolchain/bin/../lib/gcc/arm-none-eabi/4.8.4/../../../../arm-none-eabi/lib/armv6-m\libc_s.a(lib_a-isattyr.o)
                                                  c:/program files (x86)/atmel/atmel toolchain/arm gcc/native/4.8.1443/arm-gnu-toolchain/bin/../lib/gcc/arm-none-eabi/4.8.4/../../../../arm-none-eabi/lib/armv6-m\libc_s.a(lib_a-makebuf.o)
_kill                                             src/ASF/sam0/utils/syscalls/gcc/syscalls.o
_lseek                                            src/ASF/sam0/utils/syscalls/gcc/syscalls.o
                                                  c:/program files (x86)/atmel/atmel toolchain/arm gcc/native/4.8.1443/arm-gnu-toolchain/bin/../lib/gcc/arm-none-eabi/4.8.4/../../../../arm-none-eabi/lib/armv6-m\libc_s.a(lib_a-lseekr.o)
_lseek_r                                          c:/program files (x86)/atmel/atmel toolchain/arm gcc/native/4.8.1443/arm-gnu-toolchain/bin/../lib/gcc/arm-none-eabi/4.8.4/../../../../arm-none-eabi/lib/armv6-m\libc_s.a(lib_a-lseekr.o)
                                                  c:/program files (x86)/atmel/atmel toolchain/arm gcc/native/4.8.1443/arm-gnu-toolchain/bin/../lib/gcc/arm-none-eabi/4.8.4/../../../../arm-none-eabi/lib/armv6-m\libc_s.a(lib_a-stdio.o)
_mainCRTStartup                                   c:/program files (x86)/atmel/atmel toolchain/arm gcc/native/4.8.1443/arm-gnu-toolchain/bin/../lib/gcc/arm-none-eabi/4.8.4/../../../../arm-none-eabi/lib/armv6-m/crt0.o
_malloc_r                                         c:/program files (x86)/atmel/atmel toolchain/arm gcc/native/4.8.1443/arm-gnu-toolchain/bin/../lib/gcc/arm-none-eabi/4.8.4/../../../../arm-none-eabi/lib/armv6-m\libc_s.a(lib_a-nano-mallocr.o)
                                                  c:/program files (x86)/atmel/atmel toolchain/arm gcc/native/4.8.1443/arm-gnu-toolchain/bin/../lib/gcc/arm-none-eabi/4.8.4/../../../../arm-none-eabi/lib/armv6-m\libc_s.a(lib_a-nano-reallocr.o)
                                                  c:/program files (x86)/atmel/atmel toolchain/arm gcc/native/4.8.1443/arm-gnu-toolchain/bin/../lib/gcc/arm-none-eabi/4.8.4/../../../../arm-none-eabi/lib/armv6-m\libc_s.a(lib_a-makebuf.o)
                                                  c:/program files (x86)/atmel/atmel toolchain/arm gcc/native/4.8.1443/arm-gnu-toolchain/bin/../lib/gcc/arm-none-eabi/4.8.4/../../../../arm-none-eabi/lib/armv6-m\libc_s.a(lib_a-fvwrite.o)
                                                  c:/program files (x86)/atmel/atmel toolchain/arm gcc/native/4.8.1443/arm-gnu-toolchain/bin/../lib/gcc/arm-none-eabi/4.8.4/../../../../arm-none-eabi/lib/armv6-m\libc_s.a(lib_a-findfp.o)
_malloc_usable_size_r                             c:/program files (x86)/atmel/atmel toolchain/arm gcc/native/4.8.1443/arm-gnu-toolchain/bin/../lib/gcc/arm-none-eabi/4.8.4/../../../../arm-none-eabi/lib/armv6-m\libc_s.a(lib_a-nano-msizer.o)
                                                  c:/program files (x86)/atmel/atmel toolchain/arm gcc/native/4.8.1443/arm-gnu-toolchain/bin/../lib/gcc/arm-none-eabi/4.8.4/../../../../arm-none-eabi/lib/armv6-m\libc_s.a(lib_a-nano-reallocr.o)
_printbin8                                        src/debug_serial.o
_printf_common                                    c:/program files (x86)/atmel/atmel toolchain/arm gcc/native/4.8.1443/arm-gnu-toolchain/bin/../lib/gcc/arm-none-eabi/4.8.4/../../../../arm-none-eabi/lib/armv6-m\libc_s.a(lib_a-vfprintf_i.o)
_printf_float                                     c:/program files (x86)/atmel/atmel toolchain/arm gcc/native/4.8.1443/arm-gnu-toolchain/bin/../lib/gcc/arm-none-eabi/4.8.4/../../../../arm-none-eabi/lib/armv6-m\libc_s.a(lib_a-vfprintf.o)
_printf_i                                         c:/program files (x86)/atmel/atmel toolchain/arm gcc/native/4.8.1443/arm-gnu-toolchain/bin/../lib/gcc/arm-none-eabi/4.8.4/../../../../arm-none-eabi/lib/armv6-m\libc_s.a(lib_a-vfprintf_i.o)
                                                  c:/program files (x86)/atmel/atmel toolchain/arm gcc/native/4.8.1443/arm-gnu-toolchain/bin/../lib/gcc/arm-none-eabi/4.8.4/../../../../arm-none-eabi/lib/armv6-m\libc_s.a(lib_a-vfprintf.o)
_printf_r                                         c:/program files (x86)/atmel/atmel toolchain/arm gcc/native/4.8.1443/arm-gnu-toolchain/bin/../lib/gcc/arm-none-eabi/4.8.4/../../../../arm-none-eabi/lib/armv6-m\libc_s.a(lib_a-printf.o)
_printlnbin8                                      src/debug_serial.o
_read                                             c:/program files (x86)/atmel/atmel toolchain/arm gcc/native/4.8.1443/arm-gnu-toolchain/bin/../lib/gcc/arm-none-eabi/4.8.4/../../../../arm-none-eabi/lib/armv6-m\libc_s.a(lib_a-readr.o)
_read_r                                           c:/program files (x86)/atmel/atmel toolchain/arm gcc/native/4.8.1443/arm-gnu-toolchain/bin/../lib/gcc/arm-none-eabi/4.8.4/../../../../arm-none-eabi/lib/armv6-m\libc_s.a(lib_a-readr.o)
                                                  c:/program files (x86)/atmel/atmel toolchain/arm gcc/native/4.8.1443/arm-gnu-toolchain/bin/../lib/gcc/arm-none-eabi/4.8.4/../../../../arm-none-eabi/lib/armv6-m\libc_s.a(lib_a-stdio.o)
_realloc_r                                        c:/program files (x86)/atmel/atmel toolchain/arm gcc/native/4.8.1443/arm-gnu-toolchain/bin/../lib/gcc/arm-none-eabi/4.8.4/../../../../arm-none-eabi/lib/armv6-m\libc_s.a(lib_a-nano-reallocr.o)
                                                  c:/program files (x86)/atmel/atmel toolchain/arm gcc/native/4.8.1443/arm-gnu-toolchain/bin/../lib/gcc/arm-none-eabi/4.8.4/../../../../arm-none-eabi/lib/armv6-m\libc_s.a(lib_a-fvwrite.o)
_reclaim_reent                                    c:/program files (x86)/atmel/atmel toolchain/arm gcc/native/4.8.1443/arm-gnu-toolchain/bin/../lib/gcc/arm-none-eabi/4.8.4/../../../../arm-none-eabi/lib/armv6-m\libc_s.a(lib_a-reent.o)
_sbrk                                             src/ASF/sam0/utils/syscalls/gcc/syscalls.o
                                                  c:/program files (x86)/atmel/atmel toolchain/arm gcc/native/4.8.1443/arm-gnu-toolchain/bin/../lib/gcc/arm-none-eabi/4.8.4/../../../../arm-none-eabi/lib/armv6-m\libc_s.a(lib_a-sbrkr.o)
_sbrk_r                                           c:/program files (x86)/atmel/atmel toolchain/arm gcc/native/4.8.1443/arm-gnu-toolchain/bin/../lib/gcc/arm-none-eabi/4.8.4/../../../../arm-none-eabi/lib/armv6-m\libc_s.a(lib_a-sbrkr.o)
                                                  c:/program files (x86)/atmel/atmel toolchain/arm gcc/native/4.8.1443/arm-gnu-toolchain/bin/../lib/gcc/arm-none-eabi/4.8.4/../../../../arm-none-eabi/lib/armv6-m\libc_s.a(lib_a-nano-mallocr.o)
_sercom_get_async_baud_val                        src/ASF/sam0/drivers/sercom/sercom.o
                                                  src/ASF/sam0/drivers/sercom/usart/usart.o
_sercom_get_default_pad                           src/ASF/sam0/drivers/sercom/sercom.o
                                                  src/ASF/sam0/drivers/sercom/usart/usart.o
_sercom_get_sercom_inst_index                     src/ASF/sam0/drivers/sercom/sercom.o
                                                  src/ASF/sam0/drivers/sercom/usart/usart.o
_sercom_get_sync_baud_val                         src/ASF/sam0/drivers/sercom/sercom.o
                                                  src/ASF/sam0/drivers/sercom/usart/usart.o
_sfixed                                           src/ASF/sam0/utils/cmsis/samd21/source/gcc/startup_samd21.o
_srelocate                                        src/ASF/sam0/utils/cmsis/samd21/source/gcc/startup_samd21.o
_start                                            c:/program files (x86)/atmel/atmel toolchain/arm gcc/native/4.8.1443/arm-gnu-toolchain/bin/../lib/gcc/arm-none-eabi/4.8.4/../../../../arm-none-eabi/lib/armv6-m/crt0.o
_system_dummy_init                                src/ASF/sam0/drivers/system/system.o
_system_events_init                               src/ASF/sam0/drivers/system/system.o
_system_extint_init                               src/ASF/sam0/drivers/system/system.o
_szero                                            src/ASF/sam0/utils/cmsis/samd21/source/gcc/startup_samd21.o
_vfiprintf_r                                      c:/program files (x86)/atmel/atmel toolchain/arm gcc/native/4.8.1443/arm-gnu-toolchain/bin/../lib/gcc/arm-none-eabi/4.8.4/../../../../arm-none-eabi/lib/armv6-m\libc_s.a(lib_a-vfprintf.o)
_vfprintf_r                                       c:/program files (x86)/atmel/atmel toolchain/arm gcc/native/4.8.1443/arm-gnu-toolchain/bin/../lib/gcc/arm-none-eabi/4.8.4/../../../../arm-none-eabi/lib/armv6-m\libc_s.a(lib_a-vfprintf.o)
                                                  c:/program files (x86)/atmel/atmel toolchain/arm gcc/native/4.8.1443/arm-gnu-toolchain/bin/../lib/gcc/arm-none-eabi/4.8.4/../../../../arm-none-eabi/lib/armv6-m\libc_s.a(lib_a-printf.o)